../Core/Src/main.c:126:5:main	8	static
../Core/Src/main.c:236:6:SystemClock_Config	88	static
../Core/Src/main.c:278:13:MX_RTC_Init	8	static
../Core/Src/main.c:315:13:MX_SPI1_Init	8	static
../Core/Src/main.c:355:13:MX_USART2_UART_Init	8	static
../Core/Src/main.c:391:13:MX_GPIO_Init	32	static
../Core/Src/main.c:423:6:peripheralsOn	8	static
../Core/Src/main.c:430:6:peripheralsOff	8	static
../Core/Src/main.c:437:6:sprayWater	8	static
../Core/Src/main.c:443:6:startDistanceMeasurement	8	static
../Core/Src/main.c:449:6:calculateDistance	8	static
../Core/Src/main.c:464:6:controlSMotor	24	static
../Core/Src/main.c:531:6:calibrateDistance	16	static
../Core/Src/main.c:569:6:lookForTarget	40	static
../Core/Src/main.c:704:6:logToSD	56	static
../Core/Src/main.c:796:7:printFatFsError2	16	static
../Core/Src/main.c:853:6:Error_Handler	8	static,ignoring_inline_asm
