../Core/Src/main.c:517:6:startDistanceMeasurement	8	static
../Core/Src/main.c:538:6:controlSMotor	24	static
../Core/Src/main.c:511:6:sprayWater	16	static
../Core/Src/main.c:523:6:calculateDistance	8	static
../Core/Src/main.c:240:6:SystemClock_Config	80	static,ignoring_inline_asm
../Core/Src/main.c:848:6:HAL_TIM_IC_CaptureCallback	16	static
../Core/Src/main.c:870:7:printFatFsError2	8	static
../Core/Src/main.c:778:6:logToSD.isra	16	static
../Core/Src/main.c:129:5:main	80	static,ignoring_inline_asm
../Core/Src/main.c:927:6:Error_Handler	0	static,ignoring_inline_asm
