../Core/Src/stm32g0xx_hal_msp.c:63:6:HAL_MspInit	8	static
../Core/Src/stm32g0xx_hal_msp.c:86:6:HAL_RTC_MspInit	40	static
../Core/Src/stm32g0xx_hal_msp.c:122:6:HAL_RTC_MspDeInit	0	static
../Core/Src/stm32g0xx_hal_msp.c:145:6:HAL_SPI_MspInit	40	static
../Core/Src/stm32g0xx_hal_msp.c:183:6:HAL_SPI_MspDeInit	8	static
../Core/Src/stm32g0xx_hal_msp.c:213:6:HAL_TIM_IC_MspInit	40	static
../Core/Src/stm32g0xx_hal_msp.c:252:6:HAL_TIM_IC_MspDeInit	8	static
../Core/Src/stm32g0xx_hal_msp.c:282:6:HAL_UART_MspInit	40	static
../Core/Src/stm32g0xx_hal_msp.c:319:6:HAL_UART_MspDeInit	8	static
