Archive member included to satisfy reference by file (symbol)

C:/Programy/STM32CubeIDE_1.16.1/STM32CubeIDE/plugins/com.st.stm32cube.ide.mcu.externaltools.gnu-tools-for-stm32.13.3.rel1.win32_1.0.0.202411081344/tools/bin/../lib/gcc/arm-none-eabi/13.3.1/../../../../arm-none-eabi/lib/thumb/v6-m/nofp\libc_nano.a(libc_a-exit.o)
                              C:/Programy/STM32CubeIDE_1.16.1/STM32CubeIDE/plugins/com.st.stm32cube.ide.mcu.externaltools.gnu-tools-for-stm32.13.3.rel1.win32_1.0.0.202411081344/tools/bin/../lib/gcc/arm-none-eabi/13.3.1/../../../../arm-none-eabi/lib/thumb/v6-m/nofp/crt0.o (exit)
C:/Programy/STM32CubeIDE_1.16.1/STM32CubeIDE/plugins/com.st.stm32cube.ide.mcu.externaltools.gnu-tools-for-stm32.13.3.rel1.win32_1.0.0.202411081344/tools/bin/../lib/gcc/arm-none-eabi/13.3.1/../../../../arm-none-eabi/lib/thumb/v6-m/nofp\libc_nano.a(libc_a-findfp.o)
                              C:/Programy/STM32CubeIDE_1.16.1/STM32CubeIDE/plugins/com.st.stm32cube.ide.mcu.externaltools.gnu-tools-for-stm32.13.3.rel1.win32_1.0.0.202411081344/tools/bin/../lib/gcc/arm-none-eabi/13.3.1/../../../../arm-none-eabi/lib/thumb/v6-m/nofp\libc_nano.a(libc_a-exit.o) (__stdio_exit_handler)
C:/Programy/STM32CubeIDE_1.16.1/STM32CubeIDE/plugins/com.st.stm32cube.ide.mcu.externaltools.gnu-tools-for-stm32.13.3.rel1.win32_1.0.0.202411081344/tools/bin/../lib/gcc/arm-none-eabi/13.3.1/../../../../arm-none-eabi/lib/thumb/v6-m/nofp\libc_nano.a(libc_a-fwalk.o)
                              C:/Programy/STM32CubeIDE_1.16.1/STM32CubeIDE/plugins/com.st.stm32cube.ide.mcu.externaltools.gnu-tools-for-stm32.13.3.rel1.win32_1.0.0.202411081344/tools/bin/../lib/gcc/arm-none-eabi/13.3.1/../../../../arm-none-eabi/lib/thumb/v6-m/nofp\libc_nano.a(libc_a-findfp.o) (_fwalk_sglue)
C:/Programy/STM32CubeIDE_1.16.1/STM32CubeIDE/plugins/com.st.stm32cube.ide.mcu.externaltools.gnu-tools-for-stm32.13.3.rel1.win32_1.0.0.202411081344/tools/bin/../lib/gcc/arm-none-eabi/13.3.1/../../../../arm-none-eabi/lib/thumb/v6-m/nofp\libc_nano.a(libc_a-sprintf.o)
                              ./Core/Src/main.o (sprintf)
C:/Programy/STM32CubeIDE_1.16.1/STM32CubeIDE/plugins/com.st.stm32cube.ide.mcu.externaltools.gnu-tools-for-stm32.13.3.rel1.win32_1.0.0.202411081344/tools/bin/../lib/gcc/arm-none-eabi/13.3.1/../../../../arm-none-eabi/lib/thumb/v6-m/nofp\libc_nano.a(libc_a-stdio.o)
                              C:/Programy/STM32CubeIDE_1.16.1/STM32CubeIDE/plugins/com.st.stm32cube.ide.mcu.externaltools.gnu-tools-for-stm32.13.3.rel1.win32_1.0.0.202411081344/tools/bin/../lib/gcc/arm-none-eabi/13.3.1/../../../../arm-none-eabi/lib/thumb/v6-m/nofp\libc_nano.a(libc_a-findfp.o) (__sread)
C:/Programy/STM32CubeIDE_1.16.1/STM32CubeIDE/plugins/com.st.stm32cube.ide.mcu.externaltools.gnu-tools-for-stm32.13.3.rel1.win32_1.0.0.202411081344/tools/bin/../lib/gcc/arm-none-eabi/13.3.1/../../../../arm-none-eabi/lib/thumb/v6-m/nofp\libc_nano.a(libc_a-memset.o)
                              C:/Programy/STM32CubeIDE_1.16.1/STM32CubeIDE/plugins/com.st.stm32cube.ide.mcu.externaltools.gnu-tools-for-stm32.13.3.rel1.win32_1.0.0.202411081344/tools/bin/../lib/gcc/arm-none-eabi/13.3.1/../../../../arm-none-eabi/lib/thumb/v6-m/nofp/crt0.o (memset)
C:/Programy/STM32CubeIDE_1.16.1/STM32CubeIDE/plugins/com.st.stm32cube.ide.mcu.externaltools.gnu-tools-for-stm32.13.3.rel1.win32_1.0.0.202411081344/tools/bin/../lib/gcc/arm-none-eabi/13.3.1/../../../../arm-none-eabi/lib/thumb/v6-m/nofp\libc_nano.a(libc_a-closer.o)
                              C:/Programy/STM32CubeIDE_1.16.1/STM32CubeIDE/plugins/com.st.stm32cube.ide.mcu.externaltools.gnu-tools-for-stm32.13.3.rel1.win32_1.0.0.202411081344/tools/bin/../lib/gcc/arm-none-eabi/13.3.1/../../../../arm-none-eabi/lib/thumb/v6-m/nofp\libc_nano.a(libc_a-stdio.o) (_close_r)
C:/Programy/STM32CubeIDE_1.16.1/STM32CubeIDE/plugins/com.st.stm32cube.ide.mcu.externaltools.gnu-tools-for-stm32.13.3.rel1.win32_1.0.0.202411081344/tools/bin/../lib/gcc/arm-none-eabi/13.3.1/../../../../arm-none-eabi/lib/thumb/v6-m/nofp\libc_nano.a(libc_a-reent.o)
                              C:/Programy/STM32CubeIDE_1.16.1/STM32CubeIDE/plugins/com.st.stm32cube.ide.mcu.externaltools.gnu-tools-for-stm32.13.3.rel1.win32_1.0.0.202411081344/tools/bin/../lib/gcc/arm-none-eabi/13.3.1/../../../../arm-none-eabi/lib/thumb/v6-m/nofp\libc_nano.a(libc_a-closer.o) (errno)
C:/Programy/STM32CubeIDE_1.16.1/STM32CubeIDE/plugins/com.st.stm32cube.ide.mcu.externaltools.gnu-tools-for-stm32.13.3.rel1.win32_1.0.0.202411081344/tools/bin/../lib/gcc/arm-none-eabi/13.3.1/../../../../arm-none-eabi/lib/thumb/v6-m/nofp\libc_nano.a(libc_a-impure.o)
                              C:/Programy/STM32CubeIDE_1.16.1/STM32CubeIDE/plugins/com.st.stm32cube.ide.mcu.externaltools.gnu-tools-for-stm32.13.3.rel1.win32_1.0.0.202411081344/tools/bin/../lib/gcc/arm-none-eabi/13.3.1/../../../../arm-none-eabi/lib/thumb/v6-m/nofp\libc_nano.a(libc_a-sprintf.o) (_impure_ptr)
[...]
Memory Configuration

Name             Origin             Length             Attributes
RAM              0x20000000         0x00002000         xrw
FLASH            0x08000000         0x00008000         xr
*default*        0x00000000         0xffffffff

Linker script and memory map

LOAD C:/Programy/STM32CubeIDE_1.16.1/STM32CubeIDE/plugins/com.st.stm32cube.ide.mcu.externaltools.gnu-tools-for-stm32.13.3.rel1.win32_1.0.0.202411081344/tools/bin/../lib/gcc/arm-none-eabi/13.3.1/thumb/v6-m/nofp/crti.o
LOAD C:/Programy/STM32CubeIDE_1.16.1/STM32CubeIDE/plugins/com.st.stm32cube.ide.mcu.externaltools.gnu-tools-for-stm32.13.3.rel1.win32_1.0.0.202411081344/tools/bin/../lib/gcc/arm-none-eabi/13.3.1/thumb/v6-m/nofp/crtbegin.o
LOAD C:/Programy/STM32CubeIDE_1.16.1/STM32CubeIDE/plugins/com.st.stm32cube.ide.mcu.externaltools.gnu-tools-for-stm32.13.3.rel1.win32_1.0.0.202411081344/tools/bin/../lib/gcc/arm-none-eabi/13.3.1/../../../../arm-none-eabi/lib/thumb/v6-m/nofp/crt0.o
LOAD ./Core/Src/main.o
LOAD ./Core/Src/stm32g0xx_hal_msp.o
LOAD ./Core/Src/stm32g0xx_it.o
LOAD ./Core/Src/syscalls.o
LOAD ./Core/Src/sysmem.o
LOAD ./Core/Src/system_stm32g0xx.o
LOAD ./Core/Startup/startup_stm32g030f6px.o
LOAD ./Drivers/STM32G0xx_HAL_Driver/Src/stm32g0xx_hal.o
LOAD ./Drivers/STM32G0xx_HAL_Driver/Src/stm32g0xx_hal_cortex.o
LOAD ./Drivers/STM32G0xx_HAL_Driver/Src/stm32g0xx_hal_dma.o
LOAD ./Drivers/STM32G0xx_HAL_Driver/Src/stm32g0xx_hal_dma_ex.o
LOAD ./Drivers/STM32G0xx_HAL_Driver/Src/stm32g0xx_hal_exti.o
LOAD ./Drivers/STM32G0xx_HAL_Driver/Src/stm32g0xx_hal_flash.o
LOAD ./Drivers/STM32G0xx_HAL_Driver/Src/stm32g0xx_hal_flash_ex.o
LOAD ./Drivers/STM32G0xx_HAL_Driver/Src/stm32g0xx_hal_gpio.o
LOAD ./Drivers/STM32G0xx_HAL_Driver/Src/stm32g0xx_hal_pwr.o
LOAD ./Drivers/STM32G0xx_HAL_Driver/Src/stm32g0xx_hal_pwr_ex.o
LOAD ./Drivers/STM32G0xx_HAL_Driver/Src/stm32g0xx_hal_rcc.o
LOAD ./Drivers/STM32G0xx_HAL_Driver/Src/stm32g0xx_hal_rcc_ex.o
LOAD ./Drivers/STM32G0xx_HAL_Driver/Src/stm32g0xx_hal_rtc.o
LOAD ./Drivers/STM32G0xx_HAL_Driver/Src/stm32g0xx_hal_rtc_ex.o
LOAD ./Drivers/STM32G0xx_HAL_Driver/Src/stm32g0xx_hal_spi.o
LOAD ./Drivers/STM32G0xx_HAL_Driver/Src/stm32g0xx_hal_spi_ex.o
LOAD ./Drivers/STM32G0xx_HAL_Driver/Src/stm32g0xx_hal_tim.o
LOAD ./Drivers/STM32G0xx_HAL_Driver/Src/stm32g0xx_hal_tim_ex.o
LOAD ./Drivers/STM32G0xx_HAL_Driver/Src/stm32g0xx_hal_uart.o
LOAD ./Drivers/STM32G0xx_HAL_Driver/Src/stm32g0xx_hal_uart_ex.o
LOAD ./Drivers/STM32G0xx_HAL_Driver/Src/stm32g0xx_ll_rcc.o
LOAD ./FATFS/App/app_fatfs.o
LOAD ./FATFS/Target/user_diskio.o
LOAD ./Middlewares/Third_Party/FatFs/src/diskio.o
LOAD ./Middlewares/Third_Party/FatFs/src/ff.o
LOAD ./Middlewares/Third_Party/FatFs/src/ff_gen_drv.o
LOAD ./Middlewares/Third_Party/FatFs/src/option/syscall.o
START GROUP
LOAD C:/Programy/STM32CubeIDE_1.16.1/STM32CubeIDE/plugins/com.st.stm32cube.ide.mcu.externaltools.gnu-tools-for-stm32.13.3.rel1.win32_1.0.0.202411081344/tools/bin/../lib/gcc/arm-none-eabi/13.3.1/../../../../arm-none-eabi/lib/thumb/v6-m/nofp\libc_nano.a
LOAD C:/Programy/STM32CubeIDE_1.16.1/STM32CubeIDE/plugins/com.st.stm32cube.ide.mcu.externaltools.gnu-tools-for-stm32.13.3.rel1.win32_1.0.0.202411081344/tools/bin/../lib/gcc/arm-none-eabi/13.3.1/../../../../arm-none-eabi/lib/thumb/v6-m/nofp\libm.a
END GROUP
START GROUP
LOAD C:/Programy/STM32CubeIDE_1.16.1/STM32CubeIDE/plugins/com.st.stm32cube.ide.mcu.externaltools.gnu-tools-for-stm32.13.3.rel1.win32_1.0.0.202411081344/tools/bin/../lib/gcc/arm-none-eabi/13.3.1/thumb/v6-m/nofp\libgcc.a
LOAD C:/Programy/STM32CubeIDE_1.16.1/STM32CubeIDE/plugins/com.st.stm32cube.ide.mcu.externaltools.gnu-tools-for-stm32.13.3.rel1.win32_1.0.0.202411081344/tools/bin/../lib/gcc/arm-none-eabi/13.3.1/../../../../arm-none-eabi/lib/thumb/v6-m/nofp\libc_nano.a
END GROUP
START GROUP
LOAD C:/Programy/STM32CubeIDE_1.16.1/STM32CubeIDE/plugins/com.st.stm32cube.ide.mcu.externaltools.gnu-tools-for-stm32.13.3.rel1.win32_1.0.0.202411081344/tools/bin/../lib/gcc/arm-none-eabi/13.3.1/thumb/v6-m/nofp\libgcc.a
LOAD C:/Programy/STM32CubeIDE_1.16.1/STM32CubeIDE/plugins/com.st.stm32cube.ide.mcu.externaltools.gnu-tools-for-stm32.13.3.rel1.win32_1.0.0.202411081344/tools/bin/../lib/gcc/arm-none-eabi/13.3.1/../../../../arm-none-eabi/lib/thumb/v6-m/nofp\libc_nano.a
LOAD C:/Programy/STM32CubeIDE_1.16.1/STM32CubeIDE/plugins/com.st.stm32cube.ide.mcu.externaltools.gnu-tools-for-stm32.13.3.rel1.win32_1.0.0.202411081344/tools/bin/../lib/gcc/arm-none-eabi/13.3.1/../../../../arm-none-eabi/lib/thumb/v6-m/nofp\libnosys.a
END GROUP
START GROUP
LOAD C:/Programy/STM32CubeIDE_1.16.1/STM32CubeIDE/plugins/com.st.stm32cube.ide.mcu.externaltools.gnu-tools-for-stm32.13.3.rel1.win32_1.0.0.202411081344/tools/bin/../lib/gcc/arm-none-eabi/13.3.1/thumb/v6-m/nofp\libgcc.a
LOAD C:/Programy/STM32CubeIDE_1.16.1/STM32CubeIDE/plugins/com.st.stm32cube.ide.mcu.externaltools.gnu-tools-for-stm32.13.3.rel1.win32_1.0.0.202411081344/tools/bin/../lib/gcc/arm-none-eabi/13.3.1/../../../../arm-none-eabi/lib/thumb/v6-m/nofp\libc_nano.a
LOAD C:/Programy/STM32CubeIDE_1.16.1/STM32CubeIDE/plugins/com.st.stm32cube.ide.mcu.externaltools.gnu-tools-for-stm32.13.3.rel1.win32_1.0.0.202411081344/tools/bin/../lib/gcc/arm-none-eabi/13.3.1/../../../../arm-none-eabi/lib/thumb/v6-m/nofp\libnosys.a
END GROUP
LOAD C:/Programy/STM32CubeIDE_1.16.1/STM32CubeIDE/plugins/com.st.stm32cube.ide.mcu.externaltools.gnu-tools-for-stm32.13.3.rel1.win32_1.0.0.202411081344/tools/bin/../lib/gcc/arm-none-eabi/13.3.1/thumb/v6-m/nofp/crtend.o
LOAD C:/Programy/STM32CubeIDE_1.16.1/STM32CubeIDE/plugins/com.st.stm32cube.ide.mcu.externaltools.gnu-tools-for-stm32.13.3.rel1.win32_1.0.0.202411081344/tools/bin/../lib/gcc/arm-none-eabi/13.3.1/thumb/v6-m/nofp/crtn.o
                0x20002000                        _estack = (ORIGIN (RAM) + LENGTH (RAM))
                0x00000200                        _Min_Heap_Size = 0x200
                0x00000400                        _Min_Stack_Size = 0x400

.isr_vector     0x08000000       0xb8
                0x08000000                        . = ALIGN (0x4)
 *(.isr_vector)
 .isr_vector    0x08000000       0xb8 ./Core/Startup/startup_stm32g030f6px.o
                0x08000000                g_pfnVectors
                0x080000b8                        . = ALIGN (0x4)

.text           0x080000b8     0x7a18
                0x080000b8                        . = ALIGN (0x4)
 *(.text)
 .text          0x080000b8       0x48 C:/Programy/STM32CubeIDE_1.16.1/STM32CubeIDE/plugins/com.st.stm32cube.ide.mcu.externaltools.gnu-tools-for-stm32.13.3.rel1.win32_1.0.0.202411081344/tools/bin/../lib/gcc/arm-none-eabi/13.3.1/thumb/v6-m/nofp/crtbegin.o
 .text          0x08000100        0xe C:/Programy/STM32CubeIDE_1.16.1/STM32CubeIDE/plugins/com.st.stm32cube.ide.mcu.externaltools.gnu-tools-for-stm32.13.3.rel1.win32_1.0.0.202411081344/tools/bin/../lib/gcc/arm-none-eabi/13.3.1/../../../../arm-none-eabi/lib/thumb/v6-m/nofp\libc_nano.a(libc_a-strlen.o)
                0x08000100                strlen
 *fill*         0x0800010e        0x2 
 .text          0x08000110       0x14 C:/Programy/STM32CubeIDE_1.16.1/STM32CubeIDE/plugins/com.st.stm32cube.ide.mcu.externaltools.gnu-tools-for-stm32.13.3.rel1.win32_1.0.0.202411081344/tools/bin/../lib/gcc/arm-none-eabi/13.3.1/thumb/v6-m/nofp\libgcc.a(_thumb1_case_shi.o)
                0x08000110                __gnu_thumb1_case_shi
 .text          0x08000124      0x114 C:/Programy/STM32CubeIDE_1.16.1/STM32CubeIDE/plugins/com.st.stm32cube.ide.mcu.externaltools.gnu-tools-for-stm32.13.3.rel1.win32_1.0.0.202411081344/tools/bin/../lib/gcc/arm-none-eabi/13.3.1/thumb/v6-m/nofp\libgcc.a(_udivsi3.o)
                0x08000124                __aeabi_uidiv
                0x08000124                __udivsi3
                0x08000230                __aeabi_uidivmod
 .text          0x08000238        0x4 C:/Programy/STM32CubeIDE_1.16.1/STM32CubeIDE/plugins/com.st.stm32cube.ide.mcu.externaltools.gnu-tools-for-stm32.13.3.rel1.win32_1.0.0.202411081344/tools/bin/../lib/gcc/arm-none-eabi/13.3.1/thumb/v6-m/nofp\libgcc.a(_dvmd_tls.o)
                0x08000238                __aeabi_idiv0
                0x08000238                __aeabi_ldiv0
 *(.text*)
 .text.main     0x0800023c      0x110 ./Core/Src/main.o
                0x0800023c                main
 .text.SystemClock_Config
                0x0800034c       0x98 ./Core/Src/main.o
                0x0800034c                SystemClock_Config
 .text.MX_RTC_Init
                0x080003e4       0x5c ./Core/Src/main.o
 .text.MX_SPI1_Init
                0x08000440       0x7c ./Core/Src/main.o
 .text.MX_TIM3_Init
                0x080004bc       0xbc ./Core/Src/main.o
 .text.MX_USART2_UART_Init
                0x08000578       0x68 ./Core/Src/main.o
 .text.MX_GPIO_Init
                0x080005e0      0x118 ./Core/Src/main.o
 .text.peripheralsOn
                0x080006f8       0x4c ./Core/Src/main.o
 .text.peripheralsOff
                0x08000744       0x4c ./Core/Src/main.o
 .text.sprayWater
                0x08000790       0x30 ./Core/Src/main.o
 .text.startDistanceMeasurement
                0x080007c0       0x2c ./Core/Src/main.o
 .text.calculateDistance
                0x080007ec       0x7c ./Core/Src/main.o
 .text.controlSMotor
                0x08000868      0x2a4 ./Core/Src/main.o
 .text.calibrateDistance
                0x08000b0c       0xb8 ./Core/Src/main.o
 .text.lookForTarget
                0x08000bc4      0x268 ./Core/Src/main.o
 .text.logToSD  0x08000e2c      0x170 ./Core/Src/main.o
 .text.HAL_TIM_IC_CaptureCallback
                0x08000f9c       0xd0 ./Core/Src/main.o
                0x08000f9c                HAL_TIM_IC_CaptureCallback
 .text.Error_Handler
                0x0800106c        0xc ./Core/Src/main.o
                0x0800106c                Error_Handler
 .text.HAL_MspInit
                0x08001078       0x48 ./Core/Src/stm32g0xx_hal_msp.o
                0x08001078                HAL_MspInit
 .text.HAL_RTC_MspInit
                0x080010c0       0x7c ./Core/Src/stm32g0xx_hal_msp.o
                0x080010c0                HAL_RTC_MspInit
 .text.HAL_SPI_MspInit
                0x0800113c       0x94 ./Core/Src/stm32g0xx_hal_msp.o
                0x0800113c                HAL_SPI_MspInit
 .text.HAL_TIM_IC_MspInit
                0x080011d0       0xa4 ./Core/Src/stm32g0xx_hal_msp.o
                0x080011d0                HAL_TIM_IC_MspInit
 .text.HAL_UART_MspInit
                0x08001274       0x94 ./Core/Src/stm32g0xx_hal_msp.o
                0x08001274                HAL_UART_MspInit
 .text.NMI_Handler
                0x08001308        0x8 ./Core/Src/stm32g0xx_it.o
                0x08001308                NMI_Handler
 .text.HardFault_Handler
                0x08001310        0x8 ./Core/Src/stm32g0xx_it.o
                0x08001310                HardFault_Handler
 .text.SVC_Handler
                0x08001318        0xa ./Core/Src/stm32g0xx_it.o
                0x08001318                SVC_Handler
 .text.PendSV_Handler
                0x08001322        0xa ./Core/Src/stm32g0xx_it.o
                0x08001322                PendSV_Handler
 .text.SysTick_Handler
                0x0800132c        0xe ./Core/Src/stm32g0xx_it.o
                0x0800132c                SysTick_Handler
 *fill*         0x0800133a        0x2 
 .text.TIM3_IRQHandler
                0x0800133c       0x18 ./Core/Src/stm32g0xx_it.o
                0x0800133c                TIM3_IRQHandler
 .text._sbrk    0x08001354       0x6c ./Core/Src/sysmem.o
                0x08001354                _sbrk
 .text.SystemInit
                0x080013c0        0xa ./Core/Src/system_stm32g0xx.o
                0x080013c0                SystemInit
 *fill*         0x080013ca        0x2 
 .text.Reset_Handler
                0x080013cc       0x50 ./Core/Startup/startup_stm32g030f6px.o
                0x080013cc                Reset_Handler
 .text.Default_Handler
                0x0800141c        0x2 ./Core/Startup/startup_stm32g030f6px.o
                0x0800141c                TIM1_CC_IRQHandler
                0x0800141c                I2C1_IRQHandler
                0x0800141c                RTC_TAMP_IRQHandler
                0x0800141c                SPI1_IRQHandler
                0x0800141c                DMA1_Ch4_5_DMAMUX1_OVR_IRQHandler
                0x0800141c                EXTI2_3_IRQHandler
                0x0800141c                ADC1_IRQHandler
                0x0800141c                I2C2_IRQHandler
                0x0800141c                TIM17_IRQHandler
                0x0800141c                TIM16_IRQHandler
                0x0800141c                EXTI4_15_IRQHandler
                0x0800141c                RCC_IRQHandler
                0x0800141c                DMA1_Channel1_IRQHandler
                0x0800141c                Default_Handler
                0x0800141c                TIM14_IRQHandler
                0x0800141c                EXTI0_1_IRQHandler
                0x0800141c                SPI2_IRQHandler
                0x0800141c                WWDG_IRQHandler
                0x0800141c                DMA1_Channel2_3_IRQHandler
                0x0800141c                USART2_IRQHandler
                0x0800141c                FLASH_IRQHandler
                0x0800141c                USART1_IRQHandler
                0x0800141c                TIM1_BRK_UP_TRG_COM_IRQHandler
 *fill*         0x0800141e        0x2 
 .text.HAL_Init
                0x08001420       0x40 ./Drivers/STM32G0xx_HAL_Driver/Src/stm32g0xx_hal.o
                0x08001420                HAL_Init
 .text.HAL_InitTick
                0x08001460       0x94 ./Drivers/STM32G0xx_HAL_Driver/Src/stm32g0xx_hal.o
                0x08001460                HAL_InitTick
 .text.HAL_IncTick
                0x080014f4       0x24 ./Drivers/STM32G0xx_HAL_Driver/Src/stm32g0xx_hal.o
                0x080014f4                HAL_IncTick
 .text.HAL_GetTick
                0x08001518       0x14 ./Drivers/STM32G0xx_HAL_Driver/Src/stm32g0xx_hal.o
                0x08001518                HAL_GetTick
 .text.HAL_Delay
                0x0800152c       0x48 ./Drivers/STM32G0xx_HAL_Driver/Src/stm32g0xx_hal.o
                0x0800152c                HAL_Delay
 .text.__NVIC_EnableIRQ
                0x08001574       0x34 ./Drivers/STM32G0xx_HAL_Driver/Src/stm32g0xx_hal_cortex.o
 .text.__NVIC_SetPriority
                0x080015a8       0xdc ./Drivers/STM32G0xx_HAL_Driver/Src/stm32g0xx_hal_cortex.o
 .text.SysTick_Config
                0x08001684       0x48 ./Drivers/STM32G0xx_HAL_Driver/Src/stm32g0xx_hal_cortex.o
 .text.HAL_NVIC_SetPriority
                0x080016cc       0x2a ./Drivers/STM32G0xx_HAL_Driver/Src/stm32g0xx_hal_cortex.o
                0x080016cc                HAL_NVIC_SetPriority
 .text.HAL_NVIC_EnableIRQ
                0x080016f6       0x20 ./Drivers/STM32G0xx_HAL_Driver/Src/stm32g0xx_hal_cortex.o
                0x080016f6                HAL_NVIC_EnableIRQ
 .text.HAL_SYSTICK_Config
                0x08001716       0x1a ./Drivers/STM32G0xx_HAL_Driver/Src/stm32g0xx_hal_cortex.o
                0x08001716                HAL_SYSTICK_Config
 .text.HAL_GPIO_Init
                0x08001730      0x2c8 ./Drivers/STM32G0xx_HAL_Driver/Src/stm32g0xx_hal_gpio.o
                0x08001730                HAL_GPIO_Init
 .text.HAL_GPIO_WritePin
                0x080019f8       0x3a ./Drivers/STM32G0xx_HAL_Driver/Src/stm32g0xx_hal_gpio.o
                0x080019f8                HAL_GPIO_WritePin
 .text.HAL_GPIO_TogglePin
                0x08001a32       0x36 ./Drivers/STM32G0xx_HAL_Driver/Src/stm32g0xx_hal_gpio.o
                0x08001a32                HAL_GPIO_TogglePin
 .text.HAL_PWR_EnableWakeUpPin
                0x08001a68       0x40 ./Drivers/STM32G0xx_HAL_Driver/Src/stm32g0xx_hal_pwr.o
                0x08001a68                HAL_PWR_EnableWakeUpPin
 .text.HAL_PWR_EnterSTANDBYMode
                0x08001aa8       0x34 ./Drivers/STM32G0xx_HAL_Driver/Src/stm32g0xx_hal_pwr.o
                0x08001aa8                HAL_PWR_EnterSTANDBYMode
 .text.HAL_PWREx_ControlVoltageScaling
                0x08001adc       0x80 ./Drivers/STM32G0xx_HAL_Driver/Src/stm32g0xx_hal_pwr_ex.o
                0x08001adc                HAL_PWREx_ControlVoltageScaling
 .text.LL_RCC_GetAPB1Prescaler
                0x08001b5c       0x18 ./Drivers/STM32G0xx_HAL_Driver/Src/stm32g0xx_hal_rcc.o
 .text.HAL_RCC_OscConfig
                0x08001b74      0x620 ./Drivers/STM32G0xx_HAL_Driver/Src/stm32g0xx_hal_rcc.o
                0x08001b74                HAL_RCC_OscConfig
 .text.HAL_RCC_ClockConfig
                0x08002194      0x210 ./Drivers/STM32G0xx_HAL_Driver/Src/stm32g0xx_hal_rcc.o
                0x08002194                HAL_RCC_ClockConfig
 .text.HAL_RCC_GetSysClockFreq
                0x080023a4      0x104 ./Drivers/STM32G0xx_HAL_Driver/Src/stm32g0xx_hal_rcc.o
                0x080023a4                HAL_RCC_GetSysClockFreq
 .text.HAL_RCC_GetHCLKFreq
                0x080024a8       0x14 ./Drivers/STM32G0xx_HAL_Driver/Src/stm32g0xx_hal_rcc.o
                0x080024a8                HAL_RCC_GetHCLKFreq
 .text.HAL_RCC_GetPCLK1Freq
                0x080024bc       0x2c ./Drivers/STM32G0xx_HAL_Driver/Src/stm32g0xx_hal_rcc.o
                0x080024bc                HAL_RCC_GetPCLK1Freq
 .text.HAL_RCCEx_PeriphCLKConfig
                0x080024e8      0x24c ./Drivers/STM32G0xx_HAL_Driver/Src/stm32g0xx_hal_rcc_ex.o
                0x080024e8                HAL_RCCEx_PeriphCLKConfig
 .text.HAL_RTC_Init
                0x08002734      0x144 ./Drivers/STM32G0xx_HAL_Driver/Src/stm32g0xx_hal_rtc.o
                0x08002734                HAL_RTC_Init
 .text.HAL_RTC_SetTime
                0x08002878      0x150 ./Drivers/STM32G0xx_HAL_Driver/Src/stm32g0xx_hal_rtc.o
                0x08002878                HAL_RTC_SetTime
 .text.HAL_RTC_GetTime
                0x080029c8       0xb8 ./Drivers/STM32G0xx_HAL_Driver/Src/stm32g0xx_hal_rtc.o
                0x080029c8                HAL_RTC_GetTime
 .text.HAL_RTC_SetDate
                0x08002a80      0x124 ./Drivers/STM32G0xx_HAL_Driver/Src/stm32g0xx_hal_rtc.o
                0x08002a80                HAL_RTC_SetDate
 .text.HAL_RTC_GetDate
                0x08002ba4       0x9c ./Drivers/STM32G0xx_HAL_Driver/Src/stm32g0xx_hal_rtc.o
                0x08002ba4                HAL_RTC_GetDate
 .text.HAL_RTC_WaitForSynchro
                0x08002c40       0x4c ./Drivers/STM32G0xx_HAL_Driver/Src/stm32g0xx_hal_rtc.o
                0x08002c40                HAL_RTC_WaitForSynchro
 .text.RTC_EnterInitMode
                0x08002c8c       0x84 ./Drivers/STM32G0xx_HAL_Driver/Src/stm32g0xx_hal_rtc.o
                0x08002c8c                RTC_EnterInitMode
 .text.RTC_ExitInitMode
                0x08002d10       0x88 ./Drivers/STM32G0xx_HAL_Driver/Src/stm32g0xx_hal_rtc.o
                0x08002d10                RTC_ExitInitMode
 .text.RTC_ByteToBcd2
                0x08002d98       0x50 ./Drivers/STM32G0xx_HAL_Driver/Src/stm32g0xx_hal_rtc.o
                0x08002d98                RTC_ByteToBcd2
 .text.RTC_Bcd2ToByte
                0x08002de8       0x3a ./Drivers/STM32G0xx_HAL_Driver/Src/stm32g0xx_hal_rtc.o
                0x08002de8                RTC_Bcd2ToByte
 .text.HAL_RTCEx_BKUPWrite
                0x08002e22       0x3a ./Drivers/STM32G0xx_HAL_Driver/Src/stm32g0xx_hal_rtc_ex.o
                0x08002e22                HAL_RTCEx_BKUPWrite
 .text.HAL_RTCEx_BKUPRead
                0x08002e5c       0x36 ./Drivers/STM32G0xx_HAL_Driver/Src/stm32g0xx_hal_rtc_ex.o
                0x08002e5c                HAL_RTCEx_BKUPRead
 *fill*         0x08002e92        0x2 
 .text.HAL_SPI_Init
                0x08002e94      0x170 ./Drivers/STM32G0xx_HAL_Driver/Src/stm32g0xx_hal_spi.o
                0x08002e94                HAL_SPI_Init
 .text.HAL_TIM_IC_Init
                0x08003004       0xb0 ./Drivers/STM32G0xx_HAL_Driver/Src/stm32g0xx_hal_tim.o
                0x08003004                HAL_TIM_IC_Init
 .text.HAL_TIM_IC_Start_IT
                0x080030b4      0x254 ./Drivers/STM32G0xx_HAL_Driver/Src/stm32g0xx_hal_tim.o
                0x080030b4                HAL_TIM_IC_Start_IT
 .text.HAL_TIM_IRQHandler
                0x08003308      0x210 ./Drivers/STM32G0xx_HAL_Driver/Src/stm32g0xx_hal_tim.o
                0x08003308                HAL_TIM_IRQHandler
 .text.HAL_TIM_IC_ConfigChannel
                0x08003518      0x148 ./Drivers/STM32G0xx_HAL_Driver/Src/stm32g0xx_hal_tim.o
                0x08003518                HAL_TIM_IC_ConfigChannel
 .text.HAL_TIM_ReadCapturedValue
                0x08003660       0x68 ./Drivers/STM32G0xx_HAL_Driver/Src/stm32g0xx_hal_tim.o
                0x08003660                HAL_TIM_ReadCapturedValue
 .text.HAL_TIM_PeriodElapsedCallback
                0x080036c8       0x10 ./Drivers/STM32G0xx_HAL_Driver/Src/stm32g0xx_hal_tim.o
                0x080036c8                HAL_TIM_PeriodElapsedCallback
 .text.HAL_TIM_OC_DelayElapsedCallback
                0x080036d8       0x10 ./Drivers/STM32G0xx_HAL_Driver/Src/stm32g0xx_hal_tim.o
                0x080036d8                HAL_TIM_OC_DelayElapsedCallback
 .text.HAL_TIM_PWM_PulseFinishedCallback
                0x080036e8       0x10 ./Drivers/STM32G0xx_HAL_Driver/Src/stm32g0xx_hal_tim.o
                0x080036e8                HAL_TIM_PWM_PulseFinishedCallback
 .text.HAL_TIM_TriggerCallback
                0x080036f8       0x10 ./Drivers/STM32G0xx_HAL_Driver/Src/stm32g0xx_hal_tim.o
                0x080036f8                HAL_TIM_TriggerCallback
 .text.TIM_Base_SetConfig
                0x08003708       0xec ./Drivers/STM32G0xx_HAL_Driver/Src/stm32g0xx_hal_tim.o
                0x08003708                TIM_Base_SetConfig
 .text.TIM_TI1_SetConfig
                0x080037f4       0xd0 ./Drivers/STM32G0xx_HAL_Driver/Src/stm32g0xx_hal_tim.o
                0x080037f4                TIM_TI1_SetConfig
 .text.TIM_TI2_SetConfig
                0x080038c4       0x9c ./Drivers/STM32G0xx_HAL_Driver/Src/stm32g0xx_hal_tim.o
 .text.TIM_TI3_SetConfig
                0x08003960       0x9c ./Drivers/STM32G0xx_HAL_Driver/Src/stm32g0xx_hal_tim.o
 .text.TIM_TI4_SetConfig
                0x080039fc       0x8c ./Drivers/STM32G0xx_HAL_Driver/Src/stm32g0xx_hal_tim.o
 .text.TIM_CCxChannelCmd
                0x08003a88       0x46 ./Drivers/STM32G0xx_HAL_Driver/Src/stm32g0xx_hal_tim.o
                0x08003a88                TIM_CCxChannelCmd
 *fill*         0x08003ace        0x2 
 .text.HAL_TIMEx_MasterConfigSynchronization
                0x08003ad0       0xc4 ./Drivers/STM32G0xx_HAL_Driver/Src/stm32g0xx_hal_tim_ex.o
                0x08003ad0                HAL_TIMEx_MasterConfigSynchronization
 .text.HAL_TIMEx_CommutCallback
                0x08003b94       0x10 ./Drivers/STM32G0xx_HAL_Driver/Src/stm32g0xx_hal_tim_ex.o
                0x08003b94                HAL_TIMEx_CommutCallback
 .text.HAL_TIMEx_BreakCallback
                0x08003ba4       0x10 ./Drivers/STM32G0xx_HAL_Driver/Src/stm32g0xx_hal_tim_ex.o
                0x08003ba4                HAL_TIMEx_BreakCallback
 .text.HAL_TIMEx_Break2Callback
                0x08003bb4       0x10 ./Drivers/STM32G0xx_HAL_Driver/Src/stm32g0xx_hal_tim_ex.o
                0x08003bb4                HAL_TIMEx_Break2Callback
 .text.HAL_UART_Init
                0x08003bc4       0xac ./Drivers/STM32G0xx_HAL_Driver/Src/stm32g0xx_hal_uart.o
                0x08003bc4                HAL_UART_Init
 .text.HAL_UART_Transmit
                0x08003c70      0x15c ./Drivers/STM32G0xx_HAL_Driver/Src/stm32g0xx_hal_uart.o
                0x08003c70                HAL_UART_Transmit
 .text.UART_SetConfig
                0x08003dcc      0x2d4 ./Drivers/STM32G0xx_HAL_Driver/Src/stm32g0xx_hal_uart.o
                0x08003dcc                UART_SetConfig
 .text.UART_AdvFeatureConfig
                0x080040a0      0x168 ./Drivers/STM32G0xx_HAL_Driver/Src/stm32g0xx_hal_uart.o
                0x080040a0                UART_AdvFeatureConfig
 .text.UART_CheckIdleState
                0x08004208      0x154 ./Drivers/STM32G0xx_HAL_Driver/Src/stm32g0xx_hal_uart.o
                0x08004208                UART_CheckIdleState
 .text.UART_WaitOnFlagUntilTimeout
                0x0800435c       0xde ./Drivers/STM32G0xx_HAL_Driver/Src/stm32g0xx_hal_uart.o
                0x0800435c                UART_WaitOnFlagUntilTimeout
 *fill*         0x0800443a        0x2 
 .text.UART_EndRxTransfer
                0x0800443c       0xcc ./Drivers/STM32G0xx_HAL_Driver/Src/stm32g0xx_hal_uart.o
 .text.MX_FATFS_Init
                0x08004508       0x34 ./FATFS/App/app_fatfs.o
                0x08004508                MX_FATFS_Init
 .text.get_fattime
                0x0800453c        0xc ./FATFS/App/app_fatfs.o
                0x0800453c                get_fattime
 .text.USER_initialize
                0x08004548       0x24 ./FATFS/Target/user_diskio.o
                0x08004548                USER_initialize
 .text.USER_status
                0x0800456c       0x24 ./FATFS/Target/user_diskio.o
                0x0800456c                USER_status
 .text.USER_read
                0x08004590       0x1e ./FATFS/Target/user_diskio.o
                0x08004590                USER_read
 .text.USER_write
                0x080045ae       0x1e ./FATFS/Target/user_diskio.o
                0x080045ae                USER_write
 .text.USER_ioctl
                0x080045cc       0x28 ./FATFS/Target/user_diskio.o
                0x080045cc                USER_ioctl
 .text.disk_status
                0x080045f4       0x44 ./Middlewares/Third_Party/FatFs/src/diskio.o
                0x080045f4                disk_status
 .text.disk_initialize
                0x08004638       0x60 ./Middlewares/Third_Party/FatFs/src/diskio.o
                0x08004638                disk_initialize
 .text.disk_read
                0x08004698       0x50 ./Middlewares/Third_Party/FatFs/src/diskio.o
                0x08004698                disk_read
 .text.disk_write
                0x080046e8       0x50 ./Middlewares/Third_Party/FatFs/src/diskio.o
                0x080046e8                disk_write
 .text.disk_ioctl
                0x08004738       0x50 ./Middlewares/Third_Party/FatFs/src/diskio.o
                0x08004738                disk_ioctl
 .text.ld_word  0x08004788       0x38 ./Middlewares/Third_Party/FatFs/src/ff.o
 .text.ld_dword
                0x080047c0       0x42 ./Middlewares/Third_Party/FatFs/src/ff.o
 .text.st_word  0x08004802       0x3c ./Middlewares/Third_Party/FatFs/src/ff.o
 .text.st_dword
                0x0800483e       0x54 ./Middlewares/Third_Party/FatFs/src/ff.o
 .text.mem_cpy  0x08004892       0x3e ./Middlewares/Third_Party/FatFs/src/ff.o
 .text.mem_set  0x080048d0       0x32 ./Middlewares/Third_Party/FatFs/src/ff.o
 .text.mem_cmp  0x08004902       0x4a ./Middlewares/Third_Party/FatFs/src/ff.o
 .text.chk_chr  0x0800494c       0x32 ./Middlewares/Third_Party/FatFs/src/ff.o
 *fill*         0x0800497e        0x2 
 .text.chk_lock
                0x08004980       0xb0 ./Middlewares/Third_Party/FatFs/src/ff.o
 .text.enq_lock
                0x08004a30       0x3c ./Middlewares/Third_Party/FatFs/src/ff.o
 .text.inc_lock
                0x08004a6c      0x114 ./Middlewares/Third_Party/FatFs/src/ff.o
 .text.dec_lock
                0x08004b80       0x94 ./Middlewares/Third_Party/FatFs/src/ff.o
 .text.clear_lock
                0x08004c14       0x40 ./Middlewares/Third_Party/FatFs/src/ff.o
 .text.sync_window
                0x08004c54       0x90 ./Middlewares/Third_Party/FatFs/src/ff.o
 .text.move_window
                0x08004ce4       0x6a ./Middlewares/Third_Party/FatFs/src/ff.o
 *fill*         0x08004d4e        0x2 
 .text.sync_fs  0x08004d50       0xf8 ./Middlewares/Third_Party/FatFs/src/ff.o
 .text.clust2sect
                0x08004e48       0x38 ./Middlewares/Third_Party/FatFs/src/ff.o
 .text.get_fat  0x08004e80      0x154 ./Middlewares/Third_Party/FatFs/src/ff.o
 .text.put_fat  0x08004fd4      0x202 ./Middlewares/Third_Party/FatFs/src/ff.o
 .text.remove_chain
                0x080051d6       0xe6 ./Middlewares/Third_Party/FatFs/src/ff.o
 .text.create_chain
                0x080052bc      0x14c ./Middlewares/Third_Party/FatFs/src/ff.o
 .text.clmt_clust
                0x08005408       0x6a ./Middlewares/Third_Party/FatFs/src/ff.o
 .text.dir_sdi  0x08005472       0xfc ./Middlewares/Third_Party/FatFs/src/ff.o
 .text.dir_next
                0x0800556e      0x192 ./Middlewares/Third_Party/FatFs/src/ff.o
 .text.dir_alloc
                0x08005700       0xb0 ./Middlewares/Third_Party/FatFs/src/ff.o
 .text.ld_clust
                0x080057b0       0x3e ./Middlewares/Third_Party/FatFs/src/ff.o
 .text.st_clust
                0x080057ee       0x40 ./Middlewares/Third_Party/FatFs/src/ff.o
 .text.dir_find
                0x0800582e       0xd0 ./Middlewares/Third_Party/FatFs/src/ff.o
 .text.dir_register
                0x080058fe       0x76 ./Middlewares/Third_Party/FatFs/src/ff.o
 .text.create_name
                0x08005974      0x160 ./Middlewares/Third_Party/FatFs/src/ff.o
 .text.follow_path
                0x08005ad4      0x10a ./Middlewares/Third_Party/FatFs/src/ff.o
 .text.get_ldnumber
                0x08005bde       0x84 ./Middlewares/Third_Party/FatFs/src/ff.o
 *fill*         0x08005c62        0x2 
 .text.check_fs
                0x08005c64       0xb0 ./Middlewares/Third_Party/FatFs/src/ff.o
 .text.find_volume
                0x08005d14      0x4e0 ./Middlewares/Third_Party/FatFs/src/ff.o
 .text.validate
                0x080061f4       0x78 ./Middlewares/Third_Party/FatFs/src/ff.o
 .text.f_mount  0x0800626c       0x98 ./Middlewares/Third_Party/FatFs/src/ff.o
                0x0800626c                f_mount
 .text.f_open   0x08006304      0x3e8 ./Middlewares/Third_Party/FatFs/src/ff.o
                0x08006304                f_open
 .text.f_write  0x080066ec      0x2f4 ./Middlewares/Third_Party/FatFs/src/ff.o
                0x080066ec                f_write
 .text.f_sync   0x080069e0      0x112 ./Middlewares/Third_Party/FatFs/src/ff.o
                0x080069e0                f_sync
 .text.f_close  0x08006af2       0x68 ./Middlewares/Third_Party/FatFs/src/ff.o
                0x08006af2                f_close
 .text.f_lseek  0x08006b5a      0x424 ./Middlewares/Third_Party/FatFs/src/ff.o
                0x08006b5a                f_lseek
 .text.putc_bfd
                0x08006f7e       0x82 ./Middlewares/Third_Party/FatFs/src/ff.o
 .text.putc_flush
                0x08007000       0x48 ./Middlewares/Third_Party/FatFs/src/ff.o
 .text.putc_init
                0x08007048       0x26 ./Middlewares/Third_Party/FatFs/src/ff.o
 .text.f_puts   0x0800706e       0x4a ./Middlewares/Third_Party/FatFs/src/ff.o
                0x0800706e                f_puts
 .text.FATFS_LinkDriverEx
                0x080070b8       0xa8 ./Middlewares/Third_Party/FatFs/src/ff_gen_drv.o
                0x080070b8                FATFS_LinkDriverEx
 .text.FATFS_LinkDriver
                0x08007160       0x20 ./Middlewares/Third_Party/FatFs/src/ff_gen_drv.o
                0x08007160                FATFS_LinkDriver
 .text.sprintf  0x08007180       0x44 C:/Programy/STM32CubeIDE_1.16.1/STM32CubeIDE/plugins/com.st.stm32cube.ide.mcu.externaltools.gnu-tools-for-stm32.13.3.rel1.win32_1.0.0.202411081344/tools/bin/../lib/gcc/arm-none-eabi/13.3.1/../../../../arm-none-eabi/lib/thumb/v6-m/nofp\libc_nano.a(libc_a-sprintf.o)
                0x08007180                siprintf
                0x08007180                sprintf
 .text.memset   0x080071c4       0x10 C:/Programy/STM32CubeIDE_1.16.1/STM32CubeIDE/plugins/com.st.stm32cube.ide.mcu.externaltools.gnu-tools-for-stm32.13.3.rel1.win32_1.0.0.202411081344/tools/bin/../lib/gcc/arm-none-eabi/13.3.1/../../../../arm-none-eabi/lib/thumb/v6-m/nofp\libc_nano.a(libc_a-memset.o)
                0x080071c4                memset
 .text.__errno  0x080071d4        0xc C:/Programy/STM32CubeIDE_1.16.1/STM32CubeIDE/plugins/com.st.stm32cube.ide.mcu.externaltools.gnu-tools-for-stm32.13.3.rel1.win32_1.0.0.202411081344/tools/bin/../lib/gcc/arm-none-eabi/13.3.1/../../../../arm-none-eabi/lib/thumb/v6-m/nofp\libc_nano.a(libc_a-errno.o)
                0x080071d4                __errno
 .text.__libc_init_array
                0x080071e0       0x48 C:/Programy/STM32CubeIDE_1.16.1/STM32CubeIDE/plugins/com.st.stm32cube.ide.mcu.externaltools.gnu-tools-for-stm32.13.3.rel1.win32_1.0.0.202411081344/tools/bin/../lib/gcc/arm-none-eabi/13.3.1/../../../../arm-none-eabi/lib/thumb/v6-m/nofp\libc_nano.a(libc_a-init.o)
                0x080071e0                __libc_init_array
 .text.__retarget_lock_acquire_recursive
                0x08007228        0x2 C:/Programy/STM32CubeIDE_1.16.1/STM32CubeIDE/plugins/com.st.stm32cube.ide.mcu.externaltools.gnu-tools-for-stm32.13.3.rel1.win32_1.0.0.202411081344/tools/bin/../lib/gcc/arm-none-eabi/13.3.1/../../../../arm-none-eabi/lib/thumb/v6-m/nofp\libc_nano.a(libc_a-lock.o)
                0x08007228                __retarget_lock_acquire_recursive
 .text.__retarget_lock_release_recursive
                0x0800722a        0x2 C:/Programy/STM32CubeIDE_1.16.1/STM32CubeIDE/plugins/com.st.stm32cube.ide.mcu.externaltools.gnu-tools-for-stm32.13.3.rel1.win32_1.0.0.202411081344/tools/bin/../lib/gcc/arm-none-eabi/13.3.1/../../../../arm-none-eabi/lib/thumb/v6-m/nofp\libc_nano.a(libc_a-lock.o)
                0x0800722a                __retarget_lock_release_recursive
 .text._free_r  0x0800722c       0x94 C:/Programy/STM32CubeIDE_1.16.1/STM32CubeIDE/plugins/com.st.stm32cube.ide.mcu.externaltools.gnu-tools-for-stm32.13.3.rel1.win32_1.0.0.202411081344/tools/bin/../lib/gcc/arm-none-eabi/13.3.1/../../../../arm-none-eabi/lib/thumb/v6-m/nofp\libc_nano.a(libc_a-freer.o)
                0x0800722c                _free_r
 .text.sbrk_aligned
                0x080072c0       0x44 C:/Programy/STM32CubeIDE_1.16.1/STM32CubeIDE/plugins/com.st.stm32cube.ide.mcu.externaltools.gnu-tools-for-stm32.13.3.rel1.win32_1.0.0.202411081344/tools/bin/../lib/gcc/arm-none-eabi/13.3.1/../../../../arm-none-eabi/lib/thumb/v6-m/nofp\libc_nano.a(libc_a-mallocr.o)
 .text._malloc_r
                0x08007304      0x100 C:/Programy/STM32CubeIDE_1.16.1/STM32CubeIDE/plugins/com.st.stm32cube.ide.mcu.externaltools.gnu-tools-for-stm32.13.3.rel1.win32_1.0.0.202411081344/tools/bin/../lib/gcc/arm-none-eabi/13.3.1/../../../../arm-none-eabi/lib/thumb/v6-m/nofp\libc_nano.a(libc_a-mallocr.o)
                0x08007304                _malloc_r
 .text.__malloc_lock
                0x08007404       0x10 C:/Programy/STM32CubeIDE_1.16.1/STM32CubeIDE/plugins/com.st.stm32cube.ide.mcu.externaltools.gnu-tools-for-stm32.13.3.rel1.win32_1.0.0.202411081344/tools/bin/../lib/gcc/arm-none-eabi/13.3.1/../../../../arm-none-eabi/lib/thumb/v6-m/nofp\libc_nano.a(libc_a-mlock.o)
                0x08007404                __malloc_lock
 .text.__malloc_unlock
                0x08007414       0x10 C:/Programy/STM32CubeIDE_1.16.1/STM32CubeIDE/plugins/com.st.stm32cube.ide.mcu.externaltools.gnu-tools-for-stm32.13.3.rel1.win32_1.0.0.202411081344/tools/bin/../lib/gcc/arm-none-eabi/13.3.1/../../../../arm-none-eabi/lib/thumb/v6-m/nofp\libc_nano.a(libc_a-mlock.o)
                0x08007414                __malloc_unlock
 .text.__ssputs_r
                0x08007424       0xc0 C:/Programy/STM32CubeIDE_1.16.1/STM32CubeIDE/plugins/com.st.stm32cube.ide.mcu.externaltools.gnu-tools-for-stm32.13.3.rel1.win32_1.0.0.202411081344/tools/bin/../lib/gcc/arm-none-eabi/13.3.1/../../../../arm-none-eabi/lib/thumb/v6-m/nofp\libc_nano.a(libc_a-nano-svfprintf.o)
                0x08007424                __ssputs_r
 .text._svfprintf_r
                0x080074e4      0x1fc C:/Programy/STM32CubeIDE_1.16.1/STM32CubeIDE/plugins/com.st.stm32cube.ide.mcu.externaltools.gnu-tools-for-stm32.13.3.rel1.win32_1.0.0.202411081344/tools/bin/../lib/gcc/arm-none-eabi/13.3.1/../../../../arm-none-eabi/lib/thumb/v6-m/nofp\libc_nano.a(libc_a-nano-svfprintf.o)
                0x080074e4                _svfiprintf_r
                0x080074e4                _svfprintf_r
 .text._printf_common
                0x080076e0       0xde C:/Programy/STM32CubeIDE_1.16.1/STM32CubeIDE/plugins/com.st.stm32cube.ide.mcu.externaltools.gnu-tools-for-stm32.13.3.rel1.win32_1.0.0.202411081344/tools/bin/../lib/gcc/arm-none-eabi/13.3.1/../../../../arm-none-eabi/lib/thumb/v6-m/nofp\libc_nano.a(libc_a-nano-vfprintf_i.o)
                0x080076e0                _printf_common
 *fill*         0x080077be        0x2 
 .text._printf_i
                0x080077c0      0x218 C:/Programy/STM32CubeIDE_1.16.1/STM32CubeIDE/plugins/com.st.stm32cube.ide.mcu.externaltools.gnu-tools-for-stm32.13.3.rel1.win32_1.0.0.202411081344/tools/bin/../lib/gcc/arm-none-eabi/13.3.1/../../../../arm-none-eabi/lib/thumb/v6-m/nofp\libc_nano.a(libc_a-nano-vfprintf_i.o)
                0x080077c0                _printf_i
 .text.memmove  0x080079d8       0x24 C:/Programy/STM32CubeIDE_1.16.1/STM32CubeIDE/plugins/com.st.stm32cube.ide.mcu.externaltools.gnu-tools-for-stm32.13.3.rel1.win32_1.0.0.202411081344/tools/bin/../lib/gcc/arm-none-eabi/13.3.1/../../../../arm-none-eabi/lib/thumb/v6-m/nofp\libc_nano.a(libc_a-memmove.o)
                0x080079d8                memmove
 .text._sbrk_r  0x080079fc       0x24 C:/Programy/STM32CubeIDE_1.16.1/STM32CubeIDE/plugins/com.st.stm32cube.ide.mcu.externaltools.gnu-tools-for-stm32.13.3.rel1.win32_1.0.0.202411081344/tools/bin/../lib/gcc/arm-none-eabi/13.3.1/../../../../arm-none-eabi/lib/thumb/v6-m/nofp\libc_nano.a(libc_a-sbrkr.o)
                0x080079fc                _sbrk_r
 .text.memchr   0x08007a20       0x16 C:/Programy/STM32CubeIDE_1.16.1/STM32CubeIDE/plugins/com.st.stm32cube.ide.mcu.externaltools.gnu-tools-for-stm32.13.3.rel1.win32_1.0.0.202411081344/tools/bin/../lib/gcc/arm-none-eabi/13.3.1/../../../../arm-none-eabi/lib/thumb/v6-m/nofp\libc_nano.a(libc_a-memchr-stub.o)
                0x08007a20                memchr
 .text.memcpy   0x08007a36       0x12 C:/Programy/STM32CubeIDE_1.16.1/STM32CubeIDE/plugins/com.st.stm32cube.ide.mcu.externaltools.gnu-tools-for-stm32.13.3.rel1.win32_1.0.0.202411081344/tools/bin/../lib/gcc/arm-none-eabi/13.3.1/../../../../arm-none-eabi/lib/thumb/v6-m/nofp\libc_nano.a(libc_a-memcpy-stub.o)
                0x08007a36                memcpy
 .text._realloc_r
                0x08007a48       0x60 C:/Programy/STM32CubeIDE_1.16.1/STM32CubeIDE/plugins/com.st.stm32cube.ide.mcu.externaltools.gnu-tools-for-stm32.13.3.rel1.win32_1.0.0.202411081344/tools/bin/../lib/gcc/arm-none-eabi/13.3.1/../../../../arm-none-eabi/lib/thumb/v6-m/nofp\libc_nano.a(libc_a-reallocr.o)
                0x08007a48                _realloc_r
 .text._malloc_usable_size_r
                0x08007aa8       0x10 C:/Programy/STM32CubeIDE_1.16.1/STM32CubeIDE/plugins/com.st.stm32cube.ide.mcu.externaltools.gnu-tools-for-stm32.13.3.rel1.win32_1.0.0.202411081344/tools/bin/../lib/gcc/arm-none-eabi/13.3.1/../../../../arm-none-eabi/lib/thumb/v6-m/nofp\libc_nano.a(libc_a-msizer.o)
                0x08007aa8                _malloc_usable_size_r
 *(.glue_7)
 .glue_7        0x08007ab8        0x0 linker stubs
 *(.glue_7t)
 .glue_7t       0x08007ab8        0x0 linker stubs
 *(.eh_frame)
 .eh_frame      0x08007ab8        0x0 C:/Programy/STM32CubeIDE_1.16.1/STM32CubeIDE/plugins/com.st.stm32cube.ide.mcu.externaltools.gnu-tools-for-stm32.13.3.rel1.win32_1.0.0.202411081344/tools/bin/../lib/gcc/arm-none-eabi/13.3.1/thumb/v6-m/nofp/crtbegin.o
 *(.init)
 .init          0x08007ab8        0x4 C:/Programy/STM32CubeIDE_1.16.1/STM32CubeIDE/plugins/com.st.stm32cube.ide.mcu.externaltools.gnu-tools-for-stm32.13.3.rel1.win32_1.0.0.202411081344/tools/bin/../lib/gcc/arm-none-eabi/13.3.1/thumb/v6-m/nofp/crti.o
                0x08007ab8                _init
 .init          0x08007abc        0x8 C:/Programy/STM32CubeIDE_1.16.1/STM32CubeIDE/plugins/com.st.stm32cube.ide.mcu.externaltools.gnu-tools-for-stm32.13.3.rel1.win32_1.0.0.202411081344/tools/bin/../lib/gcc/arm-none-eabi/13.3.1/thumb/v6-m/nofp/crtn.o
 *(.fini)
 .fini          0x08007ac4        0x4 C:/Programy/STM32CubeIDE_1.16.1/STM32CubeIDE/plugins/com.st.stm32cube.ide.mcu.externaltools.gnu-tools-for-stm32.13.3.rel1.win32_1.0.0.202411081344/tools/bin/../lib/gcc/arm-none-eabi/13.3.1/thumb/v6-m/nofp/crti.o
                0x08007ac4                _fini
 .fini          0x08007ac8        0x8 C:/Programy/STM32CubeIDE_1.16.1/STM32CubeIDE/plugins/com.st.stm32cube.ide.mcu.externaltools.gnu-tools-for-stm32.13.3.rel1.win32_1.0.0.202411081344/tools/bin/../lib/gcc/arm-none-eabi/13.3.1/thumb/v6-m/nofp/crtn.o
                0x08007ad0                        . = ALIGN (0x4)
                0x08007ad0                        _etext = .

.vfp11_veneer   0x08007ad0        0x0
 .vfp11_veneer  0x08007ad0        0x0 linker stubs

.v4_bx          0x08007ad0        0x0
 .v4_bx         0x08007ad0        0x0 linker stubs

.iplt           0x08007ad0        0x0
 .iplt          0x08007ad0        0x0 C:/Programy/STM32CubeIDE_1.16.1/STM32CubeIDE/plugins/com.st.stm32cube.ide.mcu.externaltools.gnu-tools-for-stm32.13.3.rel1.win32_1.0.0.202411081344/tools/bin/../lib/gcc/arm-none-eabi/13.3.1/thumb/v6-m/nofp/crtbegin.o

.rodata         0x08007ad0      0x260
                0x08007ad0                        . = ALIGN (0x4)
 *(.rodata)
 .rodata        0x08007ad0       0xed ./Core/Src/main.o
 *fill*         0x08007bbd        0x3 
 .rodata        0x08007bc0       0x44 ./Middlewares/Third_Party/FatFs/src/ff.o
 *(.rodata*)
 .rodata.AHBPrescTable
                0x08007c04       0x40 ./Core/Src/system_stm32g0xx.o
                0x08007c04                AHBPrescTable
 .rodata.APBPrescTable
                0x08007c44       0x20 ./Core/Src/system_stm32g0xx.o
                0x08007c44                APBPrescTable
 .rodata.UARTPrescTable
                0x08007c64       0x18 ./Drivers/STM32G0xx_HAL_Driver/Src/stm32g0xx_hal_uart.o
                0x08007c64                UARTPrescTable
 .rodata.ExCvt  0x08007c7c       0x80 ./Middlewares/Third_Party/FatFs/src/ff.o
 .rodata._svfprintf_r.str1.1
                0x08007cfc       0x33 C:/Programy/STM32CubeIDE_1.16.1/STM32CubeIDE/plugins/com.st.stm32cube.ide.mcu.externaltools.gnu-tools-for-stm32.13.3.rel1.win32_1.0.0.202411081344/tools/bin/../lib/gcc/arm-none-eabi/13.3.1/../../../../arm-none-eabi/lib/thumb/v6-m/nofp\libc_nano.a(libc_a-nano-svfprintf.o)
                                 0x11 (size before relaxing)
 .rodata._printf_i.str1.1
                0x08007d2f       0x22 C:/Programy/STM32CubeIDE_1.16.1/STM32CubeIDE/plugins/com.st.stm32cube.ide.mcu.externaltools.gnu-tools-for-stm32.13.3.rel1.win32_1.0.0.202411081344/tools/bin/../lib/gcc/arm-none-eabi/13.3.1/../../../../arm-none-eabi/lib/thumb/v6-m/nofp\libc_nano.a(libc_a-nano-vfprintf_i.o)
                0x08007d54                        . = ALIGN (0x4)
 *fill*         0x08007d2f        0x1 

.ARM.extab      0x08007d30        0x0
                0x08007d30                        . = ALIGN (0x4)
 *(.ARM.extab* .gnu.linkonce.armextab.*)
                0x08007d30                        . = ALIGN (0x4)

.ARM            0x08007d30        0x0
                0x08007d30                        . = ALIGN (0x4)
                0x08007d30                        __exidx_start = .
 *(.ARM.exidx*)
                0x08007d30                        __exidx_end = .
                0x08007d30                        . = ALIGN (0x4)

.preinit_array  0x08007d30        0x0
                0x08007d30                        . = ALIGN (0x4)
                0x08007d30                        PROVIDE (__preinit_array_start = .)
 *(.preinit_array*)
                0x08007d30                        PROVIDE (__preinit_array_end = .)
                0x08007d30                        . = ALIGN (0x4)

.init_array     0x08007d30        0x4
                0x08007d30                        . = ALIGN (0x4)
                0x08007d30                        PROVIDE (__init_array_start = .)
 *(SORT_BY_NAME(.init_array.*))
 *(.init_array*)
 .init_array    0x08007d30        0x4 C:/Programy/STM32CubeIDE_1.16.1/STM32CubeIDE/plugins/com.st.stm32cube.ide.mcu.externaltools.gnu-tools-for-stm32.13.3.rel1.win32_1.0.0.202411081344/tools/bin/../lib/gcc/arm-none-eabi/13.3.1/thumb/v6-m/nofp/crtbegin.o
                0x08007d34                        PROVIDE (__init_array_end = .)
                0x08007d34                        . = ALIGN (0x4)

.fini_array     0x08007d34        0x4
                0x08007d34                        . = ALIGN (0x4)
                [!provide]                        PROVIDE (__fini_array_start = .)
 *(SORT_BY_NAME(.fini_array.*))
 *(.fini_array*)
 .fini_array    0x08007d34        0x4 C:/Programy/STM32CubeIDE_1.16.1/STM32CubeIDE/plugins/com.st.stm32cube.ide.mcu.externaltools.gnu-tools-for-stm32.13.3.rel1.win32_1.0.0.202411081344/tools/bin/../lib/gcc/arm-none-eabi/13.3.1/thumb/v6-m/nofp/crtbegin.o
                [!provide]                        PROVIDE (__fini_array_end = .)
                0x08007d38                        . = ALIGN (0x4)
                0x08007d38                        _sidata = LOADADDR (.data)

.rel.dyn        0x08007d38        0x0
 .rel.iplt      0x08007d38        0x0 C:/Programy/STM32CubeIDE_1.16.1/STM32CubeIDE/plugins/com.st.stm32cube.ide.mcu.externaltools.gnu-tools-for-stm32.13.3.rel1.win32_1.0.0.202411081344/tools/bin/../lib/gcc/arm-none-eabi/13.3.1/thumb/v6-m/nofp/crtbegin.o

.data           0x20000000       0x70 load address 0x08007d38
                0x20000000                        . = ALIGN (0x4)
                0x20000000                        _sdata = .
 *(.data)
 *(.data*)
 .data.SystemCoreClock
                0x20000000        0x4 ./Core/Src/system_stm32g0xx.o
                0x20000000                SystemCoreClock
 .data.uwTickPrio
                0x20000004        0x4 ./Drivers/STM32G0xx_HAL_Driver/Src/stm32g0xx_hal.o
                0x20000004                uwTickPrio
 .data.uwTickFreq
                0x20000008        0x1 ./Drivers/STM32G0xx_HAL_Driver/Src/stm32g0xx_hal.o
                0x20000008                uwTickFreq
 .data.Stat     0x20000009        0x1 ./FATFS/Target/user_diskio.o
 *fill*         0x2000000a        0x2 
 .data.USER_Driver
                0x2000000c       0x14 ./FATFS/Target/user_diskio.o
                0x2000000c                USER_Driver
 .data._impure_ptr
                0x20000020        0x4 C:/Programy/STM32CubeIDE_1.16.1/STM32CubeIDE/plugins/com.st.stm32cube.ide.mcu.externaltools.gnu-tools-for-stm32.13.3.rel1.win32_1.0.0.202411081344/tools/bin/../lib/gcc/arm-none-eabi/13.3.1/../../../../arm-none-eabi/lib/thumb/v6-m/nofp\libc_nano.a(libc_a-impure.o)
                0x20000020                _impure_ptr
 .data._impure_data
                0x20000024       0x4c C:/Programy/STM32CubeIDE_1.16.1/STM32CubeIDE/plugins/com.st.stm32cube.ide.mcu.externaltools.gnu-tools-for-stm32.13.3.rel1.win32_1.0.0.202411081344/tools/bin/../lib/gcc/arm-none-eabi/13.3.1/../../../../arm-none-eabi/lib/thumb/v6-m/nofp\libc_nano.a(libc_a-impure.o)
                0x20000024                _impure_data
 *(.RamFunc)
 *(.RamFunc*)
                0x20000070                        . = ALIGN (0x4)
                0x20000070                        _edata = .

.igot.plt       0x20000070        0x0 load address 0x08007da8
 .igot.plt      0x20000070        0x0 C:/Programy/STM32CubeIDE_1.16.1/STM32CubeIDE/plugins/com.st.stm32cube.ide.mcu.externaltools.gnu-tools-for-stm32.13.3.rel1.win32_1.0.0.202411081344/tools/bin/../lib/gcc/arm-none-eabi/13.3.1/thumb/v6-m/nofp/crtbegin.o
                0x20000070                        . = ALIGN (0x4)

.bss            0x20000070      0x99c load address 0x08007da8
                0x20000070                        _sbss = .
                0x20000070                        __bss_start__ = _sbss
 *(.bss)
 .bss           0x20000070       0x1c C:/Programy/STM32CubeIDE_1.16.1/STM32CubeIDE/plugins/com.st.stm32cube.ide.mcu.externaltools.gnu-tools-for-stm32.13.3.rel1.win32_1.0.0.202411081344/tools/bin/../lib/gcc/arm-none-eabi/13.3.1/thumb/v6-m/nofp/crtbegin.o
 *(.bss*)
 .bss.hrtc      0x2000008c       0x2c ./Core/Src/main.o
                0x2000008c                hrtc
 .bss.hspi1     0x200000b8       0x64 ./Core/Src/main.o
                0x200000b8                hspi1
 .bss.htim3     0x2000011c       0x4c ./Core/Src/main.o
                0x2000011c                htim3
 .bss.huart2    0x20000168       0x94 ./Core/Src/main.o
                0x20000168                huart2
 .bss.sTime     0x200001fc       0x14 ./Core/Src/main.o
                0x200001fc                sTime
 .bss.sDate     0x20000210        0x4 ./Core/Src/main.o
                0x20000210                sDate
 .bss.l_hcrs04Ticks1
                0x20000214        0x4 ./Core/Src/main.o
                0x20000214                l_hcrs04Ticks1
 .bss.l_hcrs04Ticks2
                0x20000218        0x4 ./Core/Src/main.o
                0x20000218                l_hcrs04Ticks2
 .bss.l_hcrs04TimeCaptured
                0x2000021c        0x1 ./Core/Src/main.o
                0x2000021c                l_hcrs04TimeCaptured
 *fill*         0x2000021d        0x3 
 .bss.distance_L
                0x20000220        0x4 ./Core/Src/main.o
                0x20000220                distance_L
 .bss.message   0x20000224       0x40 ./Core/Src/main.o
                0x20000224                message
 .bss.mappedSourrounding
                0x20000264       0xf0 ./Core/Src/main.o
                0x20000264                mappedSourrounding
 .bss.FatFs     0x20000354      0x230 ./Core/Src/main.o
                0x20000354                FatFs
 .bss.Fil       0x20000584      0x230 ./Core/Src/main.o
                0x20000584                Fil
 .bss.FR_Status
                0x200007b4        0x1 ./Core/Src/main.o
                0x200007b4                FR_Status
 *fill*         0x200007b5        0x3 
 .bss.RW_Buffer
                0x200007b8       0xc8 ./Core/Src/main.o
                0x200007b8                RW_Buffer
 .bss.__sbrk_heap_end
                0x20000880        0x4 ./Core/Src/sysmem.o
 .bss.uwTick    0x20000884        0x4 ./Drivers/STM32G0xx_HAL_Driver/Src/stm32g0xx_hal.o
                0x20000884                uwTick
 .bss.USERPath  0x20000888        0x4 ./FATFS/App/app_fatfs.o
                0x20000888                USERPath
 .bss.Appli_state
                0x2000088c        0x1 ./FATFS/App/app_fatfs.o
                0x2000088c                Appli_state
 *fill*         0x2000088d        0x3 
 .bss.FatFs     0x20000890        0x4 ./Middlewares/Third_Party/FatFs/src/ff.o
 .bss.Fsid      0x20000894        0x2 ./Middlewares/Third_Party/FatFs/src/ff.o
 *fill*         0x20000896        0x2 
 .bss.Files     0x20000898       0x20 ./Middlewares/Third_Party/FatFs/src/ff.o
 .bss.disk      0x200008b8        0xc ./Middlewares/Third_Party/FatFs/src/ff_gen_drv.o
                0x200008b8                disk
 .bss.__sf      0x200008c4      0x138 C:/Programy/STM32CubeIDE_1.16.1/STM32CubeIDE/plugins/com.st.stm32cube.ide.mcu.externaltools.gnu-tools-for-stm32.13.3.rel1.win32_1.0.0.202411081344/tools/bin/../lib/gcc/arm-none-eabi/13.3.1/../../../../arm-none-eabi/lib/thumb/v6-m/nofp\libc_nano.a(libc_a-findfp.o)
                0x200008c4                __sf
 .bss.errno     0x200009fc        0x4 C:/Programy/STM32CubeIDE_1.16.1/STM32CubeIDE/plugins/com.st.stm32cube.ide.mcu.externaltools.gnu-tools-for-stm32.13.3.rel1.win32_1.0.0.202411081344/tools/bin/../lib/gcc/arm-none-eabi/13.3.1/../../../../arm-none-eabi/lib/thumb/v6-m/nofp\libc_nano.a(libc_a-reent.o)
                0x200009fc                errno
 .bss.__lock___malloc_recursive_mutex
                0x20000a00        0x1 C:/Programy/STM32CubeIDE_1.16.1/STM32CubeIDE/plugins/com.st.stm32cube.ide.mcu.externaltools.gnu-tools-for-stm32.13.3.rel1.win32_1.0.0.202411081344/tools/bin/../lib/gcc/arm-none-eabi/13.3.1/../../../../arm-none-eabi/lib/thumb/v6-m/nofp\libc_nano.a(libc_a-lock.o)
                0x20000a00                __lock___malloc_recursive_mutex
 *fill*         0x20000a01        0x3 
 .bss.__malloc_sbrk_start
                0x20000a04        0x4 C:/Programy/STM32CubeIDE_1.16.1/STM32CubeIDE/plugins/com.st.stm32cube.ide.mcu.externaltools.gnu-tools-for-stm32.13.3.rel1.win32_1.0.0.202411081344/tools/bin/../lib/gcc/arm-none-eabi/13.3.1/../../../../arm-none-eabi/lib/thumb/v6-m/nofp\libc_nano.a(libc_a-mallocr.o)
                0x20000a04                __malloc_sbrk_start
 .bss.__malloc_free_list
                0x20000a08        0x4 C:/Programy/STM32CubeIDE_1.16.1/STM32CubeIDE/plugins/com.st.stm32cube.ide.mcu.externaltools.gnu-tools-for-stm32.13.3.rel1.win32_1.0.0.202411081344/tools/bin/../lib/gcc/arm-none-eabi/13.3.1/../../../../arm-none-eabi/lib/thumb/v6-m/nofp\libc_nano.a(libc_a-mallocr.o)
                0x20000a08                __malloc_free_list
 *(COMMON)
                0x20000a0c                        . = ALIGN (0x4)
                0x20000a0c                        _ebss = .
                0x20000a0c                        __bss_end__ = _ebss

._user_heap_stack
                0x20000a0c      0x604 load address 0x08007da8
                0x20000a10                        . = ALIGN (0x8)
 *fill*         0x20000a0c        0x4 
                [!provide]                        PROVIDE (end = .)
                0x20000a10                        PROVIDE (_end = .)
                0x20000c10                        . = (. + _Min_Heap_Size)
 *fill*         0x20000a10      0x200 
                0x20001010                        . = (. + _Min_Stack_Size)
 *fill*         0x20000c10      0x400 
                0x20001010                        . = ALIGN (0x8)

/DISCARD/
 libc.a(*)
 libm.a(*)
 libgcc.a(*)

.ARM.attributes
                0x00000000       0x28
 *(.ARM.attributes)
 .ARM.attributes
                0x00000000       0x1e C:/Programy/STM32CubeIDE_1.16.1/STM32CubeIDE/plugins/com.st.stm32cube.ide.mcu.externaltools.gnu-tools-for-stm32.13.3.rel1.win32_1.0.0.202411081344/tools/bin/../lib/gcc/arm-none-eabi/13.3.1/thumb/v6-m/nofp/crti.o
 .ARM.attributes
                0x0000001e       0x2c C:/Programy/STM32CubeIDE_1.16.1/STM32CubeIDE/plugins/com.st.stm32cube.ide.mcu.externaltools.gnu-tools-for-stm32.13.3.rel1.win32_1.0.0.202411081344/tools/bin/../lib/gcc/arm-none-eabi/13.3.1/thumb/v6-m/nofp/crtbegin.o
 .ARM.attributes
                0x0000004a       0x2c ./Core/Src/main.o
 .ARM.attributes
                0x00000076       0x2c ./Core/Src/stm32g0xx_hal_msp.o
 .ARM.attributes
                0x000000a2       0x2c ./Core/Src/stm32g0xx_it.o
 .ARM.attributes
                0x000000ce       0x2c ./Core/Src/sysmem.o
 .ARM.attributes
                0x000000fa       0x2c ./Core/Src/system_stm32g0xx.o
 .ARM.attributes
                0x00000126       0x22 ./Core/Startup/startup_stm32g030f6px.o
 .ARM.attributes
                0x00000148       0x2c ./Drivers/STM32G0xx_HAL_Driver/Src/stm32g0xx_hal.o
 .ARM.attributes
                0x00000174       0x2c ./Drivers/STM32G0xx_HAL_Driver/Src/stm32g0xx_hal_cortex.o
 .ARM.attributes
                0x000001a0       0x2c ./Drivers/STM32G0xx_HAL_Driver/Src/stm32g0xx_hal_gpio.o
 .ARM.attributes
                0x000001cc       0x2c ./Drivers/STM32G0xx_HAL_Driver/Src/stm32g0xx_hal_pwr.o
 .ARM.attributes
                0x000001f8       0x2c ./Drivers/STM32G0xx_HAL_Driver/Src/stm32g0xx_hal_pwr_ex.o
 .ARM.attributes
                0x00000224       0x2c ./Drivers/STM32G0xx_HAL_Driver/Src/stm32g0xx_hal_rcc.o
 .ARM.attributes
                0x00000250       0x2c ./Drivers/STM32G0xx_HAL_Driver/Src/stm32g0xx_hal_rcc_ex.o
 .ARM.attributes
                0x0000027c       0x2c ./Drivers/STM32G0xx_HAL_Driver/Src/stm32g0xx_hal_rtc.o
 .ARM.attributes
                0x000002a8       0x2c ./Drivers/STM32G0xx_HAL_Driver/Src/stm32g0xx_hal_rtc_ex.o
 .ARM.attributes
                0x000002d4       0x2c ./Drivers/STM32G0xx_HAL_Driver/Src/stm32g0xx_hal_spi.o
 .ARM.attributes
                0x00000300       0x2c ./Drivers/STM32G0xx_HAL_Driver/Src/stm32g0xx_hal_tim.o
 .ARM.attributes
                0x0000032c       0x2c ./Drivers/STM32G0xx_HAL_Driver/Src/stm32g0xx_hal_tim_ex.o
 .ARM.attributes
                0x00000358       0x2c ./Drivers/STM32G0xx_HAL_Driver/Src/stm32g0xx_hal_uart.o
 .ARM.attributes
                0x00000384       0x2c ./FATFS/App/app_fatfs.o
 .ARM.attributes
                0x000003b0       0x2c ./FATFS/Target/user_diskio.o
 .ARM.attributes
                0x000003dc       0x2c ./Middlewares/Third_Party/FatFs/src/diskio.o
 .ARM.attributes
                0x00000408       0x2c ./Middlewares/Third_Party/FatFs/src/ff.o
 .ARM.attributes
                0x00000434       0x2c ./Middlewares/Third_Party/FatFs/src/ff_gen_drv.o
 .ARM.attributes
                0x00000460       0x2c C:/Programy/STM32CubeIDE_1.16.1/STM32CubeIDE/plugins/com.st.stm32cube.ide.mcu.externaltools.gnu-tools-for-stm32.13.3.rel1.win32_1.0.0.202411081344/tools/bin/../lib/gcc/arm-none-eabi/13.3.1/../../../../arm-none-eabi/lib/thumb/v6-m/nofp\libc_nano.a(libc_a-findfp.o)
 .ARM.attributes
                0x0000048c       0x2c C:/Programy/STM32CubeIDE_1.16.1/STM32CubeIDE/plugins/com.st.stm32cube.ide.mcu.externaltools.gnu-tools-for-stm32.13.3.rel1.win32_1.0.0.202411081344/tools/bin/../lib/gcc/arm-none-eabi/13.3.1/../../../../arm-none-eabi/lib/thumb/v6-m/nofp\libc_nano.a(libc_a-sprintf.o)
 .ARM.attributes
                0x000004b8       0x2c C:/Programy/STM32CubeIDE_1.16.1/STM32CubeIDE/plugins/com.st.stm32cube.ide.mcu.externaltools.gnu-tools-for-stm32.13.3.rel1.win32_1.0.0.202411081344/tools/bin/../lib/gcc/arm-none-eabi/13.3.1/../../../../arm-none-eabi/lib/thumb/v6-m/nofp\libc_nano.a(libc_a-memset.o)
 .ARM.attributes
                0x000004e4       0x2c C:/Programy/STM32CubeIDE_1.16.1/STM32CubeIDE/plugins/com.st.stm32cube.ide.mcu.externaltools.gnu-tools-for-stm32.13.3.rel1.win32_1.0.0.202411081344/tools/bin/../lib/gcc/arm-none-eabi/13.3.1/../../../../arm-none-eabi/lib/thumb/v6-m/nofp\libc_nano.a(libc_a-reent.o)
 .ARM.attributes
                0x00000510       0x2c C:/Programy/STM32CubeIDE_1.16.1/STM32CubeIDE/plugins/com.st.stm32cube.ide.mcu.externaltools.gnu-tools-for-stm32.13.3.rel1.win32_1.0.0.202411081344/tools/bin/../lib/gcc/arm-none-eabi/13.3.1/../../../../arm-none-eabi/lib/thumb/v6-m/nofp\libc_nano.a(libc_a-impure.o)
 .ARM.attributes
                0x0000053c       0x2c C:/Programy/STM32CubeIDE_1.16.1/STM32CubeIDE/plugins/com.st.stm32cube.ide.mcu.externaltools.gnu-tools-for-stm32.13.3.rel1.win32_1.0.0.202411081344/tools/bin/../lib/gcc/arm-none-eabi/13.3.1/../../../../arm-none-eabi/lib/thumb/v6-m/nofp\libc_nano.a(libc_a-errno.o)
 .ARM.attributes
                0x00000568       0x2c C:/Programy/STM32CubeIDE_1.16.1/STM32CubeIDE/plugins/com.st.stm32cube.ide.mcu.externaltools.gnu-tools-for-stm32.13.3.rel1.win32_1.0.0.202411081344/tools/bin/../lib/gcc/arm-none-eabi/13.3.1/../../../../arm-none-eabi/lib/thumb/v6-m/nofp\libc_nano.a(libc_a-init.o)
 .ARM.attributes
                0x00000594       0x2c C:/Programy/STM32CubeIDE_1.16.1/STM32CubeIDE/plugins/com.st.stm32cube.ide.mcu.externaltools.gnu-tools-for-stm32.13.3.rel1.win32_1.0.0.202411081344/tools/bin/../lib/gcc/arm-none-eabi/13.3.1/../../../../arm-none-eabi/lib/thumb/v6-m/nofp\libc_nano.a(libc_a-lock.o)
 .ARM.attributes
                0x000005c0       0x1c C:/Programy/STM32CubeIDE_1.16.1/STM32CubeIDE/plugins/com.st.stm32cube.ide.mcu.externaltools.gnu-tools-for-stm32.13.3.rel1.win32_1.0.0.202411081344/tools/bin/../lib/gcc/arm-none-eabi/13.3.1/../../../../arm-none-eabi/lib/thumb/v6-m/nofp\libc_nano.a(libc_a-strlen.o)
 .ARM.attributes
                0x000005dc       0x2c C:/Programy/STM32CubeIDE_1.16.1/STM32CubeIDE/plugins/com.st.stm32cube.ide.mcu.externaltools.gnu-tools-for-stm32.13.3.rel1.win32_1.0.0.202411081344/tools/bin/../lib/gcc/arm-none-eabi/13.3.1/../../../../arm-none-eabi/lib/thumb/v6-m/nofp\libc_nano.a(libc_a-freer.o)
 .ARM.attributes
                0x00000608       0x2c C:/Programy/STM32CubeIDE_1.16.1/STM32CubeIDE/plugins/com.st.stm32cube.ide.mcu.externaltools.gnu-tools-for-stm32.13.3.rel1.win32_1.0.0.202411081344/tools/bin/../lib/gcc/arm-none-eabi/13.3.1/../../../../arm-none-eabi/lib/thumb/v6-m/nofp\libc_nano.a(libc_a-mallocr.o)
 .ARM.attributes
                0x00000634       0x2c C:/Programy/STM32CubeIDE_1.16.1/STM32CubeIDE/plugins/com.st.stm32cube.ide.mcu.externaltools.gnu-tools-for-stm32.13.3.rel1.win32_1.0.0.202411081344/tools/bin/../lib/gcc/arm-none-eabi/13.3.1/../../../../arm-none-eabi/lib/thumb/v6-m/nofp\libc_nano.a(libc_a-mlock.o)
 .ARM.attributes
                0x00000660       0x2c C:/Programy/STM32CubeIDE_1.16.1/STM32CubeIDE/plugins/com.st.stm32cube.ide.mcu.externaltools.gnu-tools-for-stm32.13.3.rel1.win32_1.0.0.202411081344/tools/bin/../lib/gcc/arm-none-eabi/13.3.1/../../../../arm-none-eabi/lib/thumb/v6-m/nofp\libc_nano.a(libc_a-nano-svfprintf.o)
 .ARM.attributes
                0x0000068c       0x2c C:/Programy/STM32CubeIDE_1.16.1/STM32CubeIDE/plugins/com.st.stm32cube.ide.mcu.externaltools.gnu-tools-for-stm32.13.3.rel1.win32_1.0.0.202411081344/tools/bin/../lib/gcc/arm-none-eabi/13.3.1/../../../../arm-none-eabi/lib/thumb/v6-m/nofp\libc_nano.a(libc_a-nano-vfprintf_i.o)
 .ARM.attributes
                0x000006b8       0x2c C:/Programy/STM32CubeIDE_1.16.1/STM32CubeIDE/plugins/com.st.stm32cube.ide.mcu.externaltools.gnu-tools-for-stm32.13.3.rel1.win32_1.0.0.202411081344/tools/bin/../lib/gcc/arm-none-eabi/13.3.1/../../../../arm-none-eabi/lib/thumb/v6-m/nofp\libc_nano.a(libc_a-memmove.o)
 .ARM.attributes
                0x000006e4       0x2c C:/Programy/STM32CubeIDE_1.16.1/STM32CubeIDE/plugins/com.st.stm32cube.ide.mcu.externaltools.gnu-tools-for-stm32.13.3.rel1.win32_1.0.0.202411081344/tools/bin/../lib/gcc/arm-none-eabi/13.3.1/../../../../arm-none-eabi/lib/thumb/v6-m/nofp\libc_nano.a(libc_a-sbrkr.o)
 .ARM.attributes
                0x00000710       0x2c C:/Programy/STM32CubeIDE_1.16.1/STM32CubeIDE/plugins/com.st.stm32cube.ide.mcu.externaltools.gnu-tools-for-stm32.13.3.rel1.win32_1.0.0.202411081344/tools/bin/../lib/gcc/arm-none-eabi/13.3.1/../../../../arm-none-eabi/lib/thumb/v6-m/nofp\libc_nano.a(libc_a-memchr-stub.o)
 .ARM.attributes
                0x0000073c       0x2c C:/Programy/STM32CubeIDE_1.16.1/STM32CubeIDE/plugins/com.st.stm32cube.ide.mcu.externaltools.gnu-tools-for-stm32.13.3.rel1.win32_1.0.0.202411081344/tools/bin/../lib/gcc/arm-none-eabi/13.3.1/../../../../arm-none-eabi/lib/thumb/v6-m/nofp\libc_nano.a(libc_a-memcpy-stub.o)
 .ARM.attributes
                0x00000768       0x2c C:/Programy/STM32CubeIDE_1.16.1/STM32CubeIDE/plugins/com.st.stm32cube.ide.mcu.externaltools.gnu-tools-for-stm32.13.3.rel1.win32_1.0.0.202411081344/tools/bin/../lib/gcc/arm-none-eabi/13.3.1/../../../../arm-none-eabi/lib/thumb/v6-m/nofp\libc_nano.a(libc_a-reallocr.o)
 .ARM.attributes
                0x00000794       0x2c C:/Programy/STM32CubeIDE_1.16.1/STM32CubeIDE/plugins/com.st.stm32cube.ide.mcu.externaltools.gnu-tools-for-stm32.13.3.rel1.win32_1.0.0.202411081344/tools/bin/../lib/gcc/arm-none-eabi/13.3.1/../../../../arm-none-eabi/lib/thumb/v6-m/nofp\libc_nano.a(libc_a-msizer.o)
 .ARM.attributes
                0x000007c0       0x1e C:/Programy/STM32CubeIDE_1.16.1/STM32CubeIDE/plugins/com.st.stm32cube.ide.mcu.externaltools.gnu-tools-for-stm32.13.3.rel1.win32_1.0.0.202411081344/tools/bin/../lib/gcc/arm-none-eabi/13.3.1/thumb/v6-m/nofp\libgcc.a(_thumb1_case_shi.o)
 .ARM.attributes
                0x000007de       0x1e C:/Programy/STM32CubeIDE_1.16.1/STM32CubeIDE/plugins/com.st.stm32cube.ide.mcu.externaltools.gnu-tools-for-stm32.13.3.rel1.win32_1.0.0.202411081344/tools/bin/../lib/gcc/arm-none-eabi/13.3.1/thumb/v6-m/nofp\libgcc.a(_udivsi3.o)
 .ARM.attributes
                0x000007fc       0x1e C:/Programy/STM32CubeIDE_1.16.1/STM32CubeIDE/plugins/com.st.stm32cube.ide.mcu.externaltools.gnu-tools-for-stm32.13.3.rel1.win32_1.0.0.202411081344/tools/bin/../lib/gcc/arm-none-eabi/13.3.1/thumb/v6-m/nofp\libgcc.a(_dvmd_tls.o)
 .ARM.attributes
                0x0000081a       0x1e C:/Programy/STM32CubeIDE_1.16.1/STM32CubeIDE/plugins/com.st.stm32cube.ide.mcu.externaltools.gnu-tools-for-stm32.13.3.rel1.win32_1.0.0.202411081344/tools/bin/../lib/gcc/arm-none-eabi/13.3.1/thumb/v6-m/nofp/crtn.o
OUTPUT(PidgeonGuardPCB2.elf elf32-littlearm)
LOAD linker stubs
LOAD C:/Programy/STM32CubeIDE_1.16.1/STM32CubeIDE/plugins/com.st.stm32cube.ide.mcu.externaltools.gnu-tools-for-stm32.13.3.rel1.win32_1.0.0.202411081344/tools/bin/../lib/gcc/arm-none-eabi/13.3.1/../../../../arm-none-eabi/lib/thumb/v6-m/nofp\libc.a
LOAD C:/Programy/STM32CubeIDE_1.16.1/STM32CubeIDE/plugins/com.st.stm32cube.ide.mcu.externaltools.gnu-tools-for-stm32.13.3.rel1.win32_1.0.0.202411081344/tools/bin/../lib/gcc/arm-none-eabi/13.3.1/../../../../arm-none-eabi/lib/thumb/v6-m/nofp\libm.a
LOAD C:/Programy/STM32CubeIDE_1.16.1/STM32CubeIDE/plugins/com.st.stm32cube.ide.mcu.externaltools.gnu-tools-for-stm32.13.3.rel1.win32_1.0.0.202411081344/tools/bin/../lib/gcc/arm-none-eabi/13.3.1/thumb/v6-m/nofp\libgcc.a

.debug_info     0x00000000    0x16ff1
 .debug_info    0x00000000     0x2444 ./Core/Src/main.o
 .debug_info    0x00002444     0x16bd ./Core/Src/stm32g0xx_hal_msp.o
 .debug_info    0x00003b01      0x7d7 ./Core/Src/stm32g0xx_it.o
 .debug_info    0x000042d8      0x168 ./Core/Src/sysmem.o
 .debug_info    0x00004440      0x316 ./Core/Src/system_stm32g0xx.o
 .debug_info    0x00004756       0x30 ./Core/Startup/startup_stm32g030f6px.o
 .debug_info    0x00004786      0x8f0 ./Drivers/STM32G0xx_HAL_Driver/Src/stm32g0xx_hal.o
 .debug_info    0x00005076      0x8a9 ./Drivers/STM32G0xx_HAL_Driver/Src/stm32g0xx_hal_cortex.o
 .debug_info    0x0000591f      0x5ac ./Drivers/STM32G0xx_HAL_Driver/Src/stm32g0xx_hal_gpio.o
 .debug_info    0x00005ecb      0x5aa ./Drivers/STM32G0xx_HAL_Driver/Src/stm32g0xx_hal_pwr.o
 .debug_info    0x00006475      0x496 ./Drivers/STM32G0xx_HAL_Driver/Src/stm32g0xx_hal_pwr_ex.o
 .debug_info    0x0000690b      0xae9 ./Drivers/STM32G0xx_HAL_Driver/Src/stm32g0xx_hal_rcc.o
 .debug_info    0x000073f4      0x73e ./Drivers/STM32G0xx_HAL_Driver/Src/stm32g0xx_hal_rcc_ex.o
 .debug_info    0x00007b32      0xc86 ./Drivers/STM32G0xx_HAL_Driver/Src/stm32g0xx_hal_rtc.o
 .debug_info    0x000087b8     0x1239 ./Drivers/STM32G0xx_HAL_Driver/Src/stm32g0xx_hal_rtc_ex.o
 .debug_info    0x000099f1     0x164a ./Drivers/STM32G0xx_HAL_Driver/Src/stm32g0xx_hal_spi.o
 .debug_info    0x0000b03b     0x2bc4 ./Drivers/STM32G0xx_HAL_Driver/Src/stm32g0xx_hal_tim.o
 .debug_info    0x0000dbff     0x18b8 ./Drivers/STM32G0xx_HAL_Driver/Src/stm32g0xx_hal_tim_ex.o
 .debug_info    0x0000f4b7     0x4872 ./Drivers/STM32G0xx_HAL_Driver/Src/stm32g0xx_hal_uart.o
 .debug_info    0x00013d29      0x571 ./FATFS/App/app_fatfs.o
 .debug_info    0x0001429a      0x36c ./FATFS/Target/user_diskio.o
 .debug_info    0x00014606      0x411 ./Middlewares/Third_Party/FatFs/src/diskio.o
 .debug_info    0x00014a17     0x2229 ./Middlewares/Third_Party/FatFs/src/ff.o
 .debug_info    0x00016c40      0x3b1 ./Middlewares/Third_Party/FatFs/src/ff_gen_drv.o

.debug_abbrev   0x00000000     0x30c0
 .debug_abbrev  0x00000000      0x38e ./Core/Src/main.o
 .debug_abbrev  0x0000038e      0x263 ./Core/Src/stm32g0xx_hal_msp.o
 .debug_abbrev  0x000005f1      0x1bc ./Core/Src/stm32g0xx_it.o
 .debug_abbrev  0x000007ad       0xbc ./Core/Src/sysmem.o
 .debug_abbrev  0x00000869      0x119 ./Core/Src/system_stm32g0xx.o
 .debug_abbrev  0x00000982       0x24 ./Core/Startup/startup_stm32g030f6px.o
 .debug_abbrev  0x000009a6      0x2b4 ./Drivers/STM32G0xx_HAL_Driver/Src/stm32g0xx_hal.o
 .debug_abbrev  0x00000c5a      0x2ab ./Drivers/STM32G0xx_HAL_Driver/Src/stm32g0xx_hal_cortex.o
 .debug_abbrev  0x00000f05      0x1c3 ./Drivers/STM32G0xx_HAL_Driver/Src/stm32g0xx_hal_gpio.o
 .debug_abbrev  0x000010c8      0x172 ./Drivers/STM32G0xx_HAL_Driver/Src/stm32g0xx_hal_pwr.o
 .debug_abbrev  0x0000123a      0x1d7 ./Drivers/STM32G0xx_HAL_Driver/Src/stm32g0xx_hal_pwr_ex.o
 .debug_abbrev  0x00001411      0x2a9 ./Drivers/STM32G0xx_HAL_Driver/Src/stm32g0xx_hal_rcc.o
 .debug_abbrev  0x000016ba      0x22b ./Drivers/STM32G0xx_HAL_Driver/Src/stm32g0xx_hal_rcc_ex.o
 .debug_abbrev  0x000018e5      0x200 ./Drivers/STM32G0xx_HAL_Driver/Src/stm32g0xx_hal_rtc.o
 .debug_abbrev  0x00001ae5      0x249 ./Drivers/STM32G0xx_HAL_Driver/Src/stm32g0xx_hal_rtc_ex.o
 .debug_abbrev  0x00001d2e      0x27e ./Drivers/STM32G0xx_HAL_Driver/Src/stm32g0xx_hal_spi.o
 .debug_abbrev  0x00001fac      0x2a2 ./Drivers/STM32G0xx_HAL_Driver/Src/stm32g0xx_hal_tim.o
 .debug_abbrev  0x0000224e      0x2ab ./Drivers/STM32G0xx_HAL_Driver/Src/stm32g0xx_hal_tim_ex.o
 .debug_abbrev  0x000024f9      0x326 ./Drivers/STM32G0xx_HAL_Driver/Src/stm32g0xx_hal_uart.o
 .debug_abbrev  0x0000281f      0x1a6 ./FATFS/App/app_fatfs.o
 .debug_abbrev  0x000029c5      0x14e ./FATFS/Target/user_diskio.o
 .debug_abbrev  0x00002b13      0x17e ./Middlewares/Third_Party/FatFs/src/diskio.o
 .debug_abbrev  0x00002c91      0x293 ./Middlewares/Third_Party/FatFs/src/ff.o
 .debug_abbrev  0x00002f24      0x19c ./Middlewares/Third_Party/FatFs/src/ff_gen_drv.o

.debug_aranges  0x00000000     0x14f8
 .debug_aranges
                0x00000000       0xb8 ./Core/Src/main.o
 .debug_aranges
                0x000000b8       0x60 ./Core/Src/stm32g0xx_hal_msp.o
 .debug_aranges
                0x00000118       0x48 ./Core/Src/stm32g0xx_it.o
 .debug_aranges
                0x00000160       0x20 ./Core/Src/sysmem.o
 .debug_aranges
                0x00000180       0x28 ./Core/Src/system_stm32g0xx.o
 .debug_aranges
                0x000001a8       0x28 ./Core/Startup/startup_stm32g030f6px.o
 .debug_aranges
                0x000001d0      0x100 ./Drivers/STM32G0xx_HAL_Driver/Src/stm32g0xx_hal.o
 .debug_aranges
                0x000002d0       0xe8 ./Drivers/STM32G0xx_HAL_Driver/Src/stm32g0xx_hal_cortex.o
 .debug_aranges
                0x000003b8       0x60 ./Drivers/STM32G0xx_HAL_Driver/Src/stm32g0xx_hal_gpio.o
 .debug_aranges
                0x00000418       0x78 ./Drivers/STM32G0xx_HAL_Driver/Src/stm32g0xx_hal_pwr.o
 .debug_aranges
                0x00000490       0x98 ./Drivers/STM32G0xx_HAL_Driver/Src/stm32g0xx_hal_pwr_ex.o
 .debug_aranges
                0x00000528       0xa0 ./Drivers/STM32G0xx_HAL_Driver/Src/stm32g0xx_hal_rcc.o
 .debug_aranges
                0x000005c8       0x40 ./Drivers/STM32G0xx_HAL_Driver/Src/stm32g0xx_hal_rcc_ex.o
 .debug_aranges
                0x00000608       0xe8 ./Drivers/STM32G0xx_HAL_Driver/Src/stm32g0xx_hal_rtc.o
 .debug_aranges
                0x000006f0      0x170 ./Drivers/STM32G0xx_HAL_Driver/Src/stm32g0xx_hal_rtc_ex.o
 .debug_aranges
                0x00000860      0x1d8 ./Drivers/STM32G0xx_HAL_Driver/Src/stm32g0xx_hal_spi.o
 .debug_aranges
                0x00000a38      0x3e0 ./Drivers/STM32G0xx_HAL_Driver/Src/stm32g0xx_hal_tim.o
 .debug_aranges
                0x00000e18      0x198 ./Drivers/STM32G0xx_HAL_Driver/Src/stm32g0xx_hal_tim_ex.o
 .debug_aranges
                0x00000fb0      0x248 ./Drivers/STM32G0xx_HAL_Driver/Src/stm32g0xx_hal_uart.o
 .debug_aranges
                0x000011f8       0x30 ./FATFS/App/app_fatfs.o
 .debug_aranges
                0x00001228       0x40 ./FATFS/Target/user_diskio.o
 .debug_aranges
                0x00001268       0x48 ./Middlewares/Third_Party/FatFs/src/diskio.o
 .debug_aranges
                0x000012b0      0x208 ./Middlewares/Third_Party/FatFs/src/ff.o
 .debug_aranges
                0x000014b8       0x40 ./Middlewares/Third_Party/FatFs/src/ff_gen_drv.o

.debug_rnglists
                0x00000000     0x1073
 .debug_rnglists
                0x00000000       0x8e ./Core/Src/main.o
 .debug_rnglists
                0x0000008e       0x46 ./Core/Src/stm32g0xx_hal_msp.o
 .debug_rnglists
                0x000000d4       0x31 ./Core/Src/stm32g0xx_it.o
 .debug_rnglists
                0x00000105       0x13 ./Core/Src/sysmem.o
 .debug_rnglists
                0x00000118       0x1a ./Core/Src/system_stm32g0xx.o
 .debug_rnglists
                0x00000132       0x19 ./Core/Startup/startup_stm32g030f6px.o
 .debug_rnglists
                0x0000014b       0xbc ./Drivers/STM32G0xx_HAL_Driver/Src/stm32g0xx_hal.o
 .debug_rnglists
                0x00000207       0xaa ./Drivers/STM32G0xx_HAL_Driver/Src/stm32g0xx_hal_cortex.o
 .debug_rnglists
                0x000002b1       0x45 ./Drivers/STM32G0xx_HAL_Driver/Src/stm32g0xx_hal_gpio.o
 .debug_rnglists
                0x000002f6       0x55 ./Drivers/STM32G0xx_HAL_Driver/Src/stm32g0xx_hal_pwr.o
 .debug_rnglists
                0x0000034b       0x72 ./Drivers/STM32G0xx_HAL_Driver/Src/stm32g0xx_hal_pwr_ex.o
 .debug_rnglists
                0x000003bd       0x79 ./Drivers/STM32G0xx_HAL_Driver/Src/stm32g0xx_hal_rcc.o
 .debug_rnglists
                0x00000436       0x2f ./Drivers/STM32G0xx_HAL_Driver/Src/stm32g0xx_hal_rcc_ex.o
 .debug_rnglists
                0x00000465       0xb5 ./Drivers/STM32G0xx_HAL_Driver/Src/stm32g0xx_hal_rtc.o
 .debug_rnglists
                0x0000051a      0x120 ./Drivers/STM32G0xx_HAL_Driver/Src/stm32g0xx_hal_rtc_ex.o
 .debug_rnglists
                0x0000063a      0x179 ./Drivers/STM32G0xx_HAL_Driver/Src/stm32g0xx_hal_spi.o
 .debug_rnglists
                0x000007b3      0x32b ./Drivers/STM32G0xx_HAL_Driver/Src/stm32g0xx_hal_tim.o
 .debug_rnglists
                0x00000ade      0x14e ./Drivers/STM32G0xx_HAL_Driver/Src/stm32g0xx_hal_tim_ex.o
 .debug_rnglists
                0x00000c2c      0x1f9 ./Drivers/STM32G0xx_HAL_Driver/Src/stm32g0xx_hal_uart.o
 .debug_rnglists
                0x00000e25       0x1f ./FATFS/App/app_fatfs.o
 .debug_rnglists
                0x00000e44       0x2b ./FATFS/Target/user_diskio.o
 .debug_rnglists
                0x00000e6f       0x31 ./Middlewares/Third_Party/FatFs/src/diskio.o
 .debug_rnglists
                0x00000ea0      0x1a6 ./Middlewares/Third_Party/FatFs/src/ff.o
 .debug_rnglists
                0x00001046       0x2d ./Middlewares/Third_Party/FatFs/src/ff_gen_drv.o

.debug_macro    0x00000000    0x18793
 .debug_macro   0x00000000      0x3c9 ./Core/Src/main.o
 .debug_macro   0x000003c9      0xaae ./Core/Src/main.o
 .debug_macro   0x00000e77      0x129 ./Core/Src/main.o
 .debug_macro   0x00000fa0       0x2e ./Core/Src/main.o
 .debug_macro   0x00000fce       0x28 ./Core/Src/main.o
 .debug_macro   0x00000ff6       0x22 ./Core/Src/main.o
 .debug_macro   0x00001018       0x8e ./Core/Src/main.o
 .debug_macro   0x000010a6       0x51 ./Core/Src/main.o
 .debug_macro   0x000010f7      0x103 ./Core/Src/main.o
 .debug_macro   0x000011fa       0x6a ./Core/Src/main.o
 .debug_macro   0x00001264      0x1df ./Core/Src/main.o
 .debug_macro   0x00001443       0x1c ./Core/Src/main.o
 .debug_macro   0x0000145f       0x22 ./Core/Src/main.o
 .debug_macro   0x00001481       0xd1 ./Core/Src/main.o
 .debug_macro   0x00001552      0x4da ./Core/Src/main.o
 .debug_macro   0x00001a2c      0x11f ./Core/Src/main.o
 .debug_macro   0x00001b4b     0xa120 ./Core/Src/main.o
 .debug_macro   0x0000bc6b       0x66 ./Core/Src/main.o
 .debug_macro   0x0000bcd1     0x3512 ./Core/Src/main.o
 .debug_macro   0x0000f1e3      0x190 ./Core/Src/main.o
 .debug_macro   0x0000f373       0x5c ./Core/Src/main.o
 .debug_macro   0x0000f3cf      0x462 ./Core/Src/main.o
 .debug_macro   0x0000f831      0xe1a ./Core/Src/main.o
 .debug_macro   0x0001064b      0x106 ./Core/Src/main.o
 .debug_macro   0x00010751      0x1cf ./Core/Src/main.o
 .debug_macro   0x00010920       0xff ./Core/Src/main.o
 .debug_macro   0x00010a1f      0x33c ./Core/Src/main.o
 .debug_macro   0x00010d5b      0x202 ./Core/Src/main.o
 .debug_macro   0x00010f5d      0x2c7 ./Core/Src/main.o
 .debug_macro   0x00011224      0x198 ./Core/Src/main.o
 .debug_macro   0x000113bc       0x43 ./Core/Src/main.o
 .debug_macro   0x000113ff      0x1f1 ./Core/Src/main.o
 .debug_macro   0x000115f0      0x1d6 ./Core/Src/main.o
 .debug_macro   0x000117c6      0x2a3 ./Core/Src/main.o
 .debug_macro   0x00011a69       0x28 ./Core/Src/main.o
 .debug_macro   0x00011a91       0xcf ./Core/Src/main.o
 .debug_macro   0x00011b60       0xff ./Core/Src/main.o
 .debug_macro   0x00011c5f      0x10d ./Core/Src/main.o
 .debug_macro   0x00011d6c      0x328 ./Core/Src/main.o
 .debug_macro   0x00012094      0x432 ./Core/Src/main.o
 .debug_macro   0x000124c6       0xf2 ./Core/Src/main.o
 .debug_macro   0x000125b8      0x305 ./Core/Src/main.o
 .debug_macro   0x000128bd      0xac2 ./Core/Src/main.o
 .debug_macro   0x0001337f       0xfa ./Core/Src/main.o
 .debug_macro   0x00013479      0x693 ./Core/Src/main.o
 .debug_macro   0x00013b0c       0xa6 ./Core/Src/main.o
 .debug_macro   0x00013bb2      0x412 ./Core/Src/main.o
 .debug_macro   0x00013fc4       0xeb ./Core/Src/main.o
 .debug_macro   0x000140af       0x24 ./Core/Src/main.o
 .debug_macro   0x000140d3       0x61 ./Core/Src/main.o
 .debug_macro   0x00014134       0x43 ./Core/Src/main.o
 .debug_macro   0x00014177       0x34 ./Core/Src/main.o
 .debug_macro   0x000141ab       0x16 ./Core/Src/main.o
 .debug_macro   0x000141c1       0x3c ./Core/Src/main.o
 .debug_macro   0x000141fd      0x370 ./Core/Src/main.o
 .debug_macro   0x0001456d       0x16 ./Core/Src/main.o
 .debug_macro   0x00014583       0x4a ./Core/Src/main.o
 .debug_macro   0x000145cd       0x34 ./Core/Src/main.o
 .debug_macro   0x00014601       0x10 ./Core/Src/main.o
 .debug_macro   0x00014611       0x58 ./Core/Src/main.o
 .debug_macro   0x00014669       0x8e ./Core/Src/main.o
 .debug_macro   0x000146f7       0x1c ./Core/Src/main.o
 .debug_macro   0x00014713      0x185 ./Core/Src/main.o
 .debug_macro   0x00014898       0x16 ./Core/Src/main.o
 .debug_macro   0x000148ae       0x29 ./Core/Src/main.o
 .debug_macro   0x000148d7       0x12 ./Core/Src/main.o
 .debug_macro   0x000148e9       0xe2 ./Core/Src/main.o
 .debug_macro   0x000149cb       0x8e ./Core/Src/main.o
 .debug_macro   0x00014a59       0x16 ./Core/Src/main.o
 .debug_macro   0x00014a6f       0x1c ./Core/Src/main.o
 .debug_macro   0x00014a8b       0x10 ./Core/Src/main.o
 .debug_macro   0x00014a9b       0x1c ./Core/Src/main.o
 .debug_macro   0x00014ab7       0x16 ./Core/Src/main.o
 .debug_macro   0x00014acd      0x146 ./Core/Src/main.o
 .debug_macro   0x00014c13      0x217 ./Core/Src/stm32g0xx_hal_msp.o
 .debug_macro   0x00014e2a      0x221 ./Core/Src/stm32g0xx_it.o
 .debug_macro   0x0001504b      0x112 ./Core/Src/sysmem.o
 .debug_macro   0x0001515d      0x23c ./Core/Src/sysmem.o
 .debug_macro   0x00015399      0x20d ./Core/Src/system_stm32g0xx.o
 .debug_macro   0x000155a6      0x22b ./Drivers/STM32G0xx_HAL_Driver/Src/stm32g0xx_hal.o
 .debug_macro   0x000157d1      0x20d ./Drivers/STM32G0xx_HAL_Driver/Src/stm32g0xx_hal_cortex.o
 .debug_macro   0x000159de      0x214 ./Drivers/STM32G0xx_HAL_Driver/Src/stm32g0xx_hal_gpio.o
 .debug_macro   0x00015bf2      0x20d ./Drivers/STM32G0xx_HAL_Driver/Src/stm32g0xx_hal_pwr.o
 .debug_macro   0x00015dff      0x21f ./Drivers/STM32G0xx_HAL_Driver/Src/stm32g0xx_hal_pwr_ex.o
 .debug_macro   0x0001601e      0x24f ./Drivers/STM32G0xx_HAL_Driver/Src/stm32g0xx_hal_rcc.o
 .debug_macro   0x0001626d      0x225 ./Drivers/STM32G0xx_HAL_Driver/Src/stm32g0xx_hal_rcc_ex.o
 .debug_macro   0x00016492      0x20e ./Drivers/STM32G0xx_HAL_Driver/Src/stm32g0xx_hal_rtc.o
 .debug_macro   0x000166a0      0x20d ./Drivers/STM32G0xx_HAL_Driver/Src/stm32g0xx_hal_rtc_ex.o
 .debug_macro   0x000168ad      0x215 ./Drivers/STM32G0xx_HAL_Driver/Src/stm32g0xx_hal_spi.o
 .debug_macro   0x00016ac2      0x215 ./Drivers/STM32G0xx_HAL_Driver/Src/stm32g0xx_hal_tim.o
 .debug_macro   0x00016cd7      0x213 ./Drivers/STM32G0xx_HAL_Driver/Src/stm32g0xx_hal_tim_ex.o
 .debug_macro   0x00016eea      0x238 ./Drivers/STM32G0xx_HAL_Driver/Src/stm32g0xx_hal_uart.o
 .debug_macro   0x00017122      0x341 ./FATFS/App/app_fatfs.o
 .debug_macro   0x00017463       0xe5 ./FATFS/App/app_fatfs.o
 .debug_macro   0x00017548      0x359 ./FATFS/Target/user_diskio.o
 .debug_macro   0x000178a1       0x10 ./FATFS/Target/user_diskio.o
 .debug_macro   0x000178b1       0x20 ./FATFS/Target/user_diskio.o
 .debug_macro   0x000178d1       0x16 ./FATFS/Target/user_diskio.o
 .debug_macro   0x000178e7       0x7c ./FATFS/Target/user_diskio.o
 .debug_macro   0x00017963       0x56 ./FATFS/Target/user_diskio.o
 .debug_macro   0x000179b9      0x329 ./Middlewares/Third_Party/FatFs/src/diskio.o
 .debug_macro   0x00017ce2      0x730 ./Middlewares/Third_Party/FatFs/src/ff.o
 .debug_macro   0x00018412       0x58 ./Middlewares/Third_Party/FatFs/src/ff.o
 .debug_macro   0x0001846a      0x329 ./Middlewares/Third_Party/FatFs/src/ff_gen_drv.o

.debug_line     0x00000000    0x1ba86
 .debug_line    0x00000000     0x100d ./Core/Src/main.o
 .debug_line    0x0000100d      0x93f ./Core/Src/stm32g0xx_hal_msp.o
 .debug_line    0x0000194c      0x878 ./Core/Src/stm32g0xx_it.o
 .debug_line    0x000021c4      0x5a6 ./Core/Src/sysmem.o
 .debug_line    0x0000276a      0x876 ./Core/Src/system_stm32g0xx.o
 .debug_line    0x00002fe0       0x7b ./Core/Startup/startup_stm32g030f6px.o
 .debug_line    0x0000305b      0xb39 ./Drivers/STM32G0xx_HAL_Driver/Src/stm32g0xx_hal.o
 .debug_line    0x00003b94      0xc51 ./Drivers/STM32G0xx_HAL_Driver/Src/stm32g0xx_hal_cortex.o
 .debug_line    0x000047e5      0xc0d ./Drivers/STM32G0xx_HAL_Driver/Src/stm32g0xx_hal_gpio.o
 .debug_line    0x000053f2      0x962 ./Drivers/STM32G0xx_HAL_Driver/Src/stm32g0xx_hal_pwr.o
 .debug_line    0x00005d54      0xa47 ./Drivers/STM32G0xx_HAL_Driver/Src/stm32g0xx_hal_pwr_ex.o
 .debug_line    0x0000679b     0x1077 ./Drivers/STM32G0xx_HAL_Driver/Src/stm32g0xx_hal_rcc.o
 .debug_line    0x00007812      0xb94 ./Drivers/STM32G0xx_HAL_Driver/Src/stm32g0xx_hal_rcc_ex.o
 .debug_line    0x000083a6     0x128d ./Drivers/STM32G0xx_HAL_Driver/Src/stm32g0xx_hal_rtc.o
 .debug_line    0x00009633     0x1472 ./Drivers/STM32G0xx_HAL_Driver/Src/stm32g0xx_hal_rtc_ex.o
 .debug_line    0x0000aaa5     0x2044 ./Drivers/STM32G0xx_HAL_Driver/Src/stm32g0xx_hal_spi.o
 .debug_line    0x0000cae9     0x3cce ./Drivers/STM32G0xx_HAL_Driver/Src/stm32g0xx_hal_tim.o
 .debug_line    0x000107b7     0x1bf3 ./Drivers/STM32G0xx_HAL_Driver/Src/stm32g0xx_hal_tim_ex.o
 .debug_line    0x000123aa     0x3691 ./Drivers/STM32G0xx_HAL_Driver/Src/stm32g0xx_hal_uart.o
 .debug_line    0x00015a3b      0xa2a ./FATFS/App/app_fatfs.o
 .debug_line    0x00016465      0xa57 ./FATFS/Target/user_diskio.o
 .debug_line    0x00016ebc      0xa67 ./Middlewares/Third_Party/FatFs/src/diskio.o
 .debug_line    0x00017923     0x36de ./Middlewares/Third_Party/FatFs/src/ff.o
 .debug_line    0x0001b001      0xa85 ./Middlewares/Third_Party/FatFs/src/ff_gen_drv.o

.debug_str      0x00000000    0x94cce
 .debug_str     0x00000000    0x94cce ./Core/Src/main.o
                              0x8fa58 (size before relaxing)
 .debug_str     0x00094cce    0x8b2b5 ./Core/Src/stm32g0xx_hal_msp.o
 .debug_str     0x00094cce    0x8a904 ./Core/Src/stm32g0xx_it.o
 .debug_str     0x00094cce     0x7688 ./Core/Src/sysmem.o
 .debug_str     0x00094cce    0x8a3bb ./Core/Src/system_stm32g0xx.o
 .debug_str     0x00094cce       0x8e ./Core/Startup/startup_stm32g030f6px.o
 .debug_str     0x00094cce    0x8aa4d ./Drivers/STM32G0xx_HAL_Driver/Src/stm32g0xx_hal.o
 .debug_str     0x00094cce    0x8a80d ./Drivers/STM32G0xx_HAL_Driver/Src/stm32g0xx_hal_cortex.o
 .debug_str     0x00094cce    0x8a4f0 ./Drivers/STM32G0xx_HAL_Driver/Src/stm32g0xx_hal_gpio.o
 .debug_str     0x00094cce    0x8a5b0 ./Drivers/STM32G0xx_HAL_Driver/Src/stm32g0xx_hal_pwr.o
 .debug_str     0x00094cce    0x8a60f ./Drivers/STM32G0xx_HAL_Driver/Src/stm32g0xx_hal_pwr_ex.o
 .debug_str     0x00094cce    0x8aadf ./Drivers/STM32G0xx_HAL_Driver/Src/stm32g0xx_hal_rcc.o
 .debug_str     0x00094cce    0x8a6f7 ./Drivers/STM32G0xx_HAL_Driver/Src/stm32g0xx_hal_rcc_ex.o
 .debug_str     0x00094cce    0x8a885 ./Drivers/STM32G0xx_HAL_Driver/Src/stm32g0xx_hal_rtc.o
 .debug_str     0x00094cce    0x8acd2 ./Drivers/STM32G0xx_HAL_Driver/Src/stm32g0xx_hal_rtc_ex.o
 .debug_str     0x00094cce    0x8ad9b ./Drivers/STM32G0xx_HAL_Driver/Src/stm32g0xx_hal_spi.o
 .debug_str     0x00094cce    0x8b903 ./Drivers/STM32G0xx_HAL_Driver/Src/stm32g0xx_hal_tim.o
 .debug_str     0x00094cce    0x8b28b ./Drivers/STM32G0xx_HAL_Driver/Src/stm32g0xx_hal_tim_ex.o
 .debug_str     0x00094cce    0x8b386 ./Drivers/STM32G0xx_HAL_Driver/Src/stm32g0xx_hal_uart.o
 .debug_str     0x00094cce    0x8dd88 ./FATFS/App/app_fatfs.o
 .debug_str     0x00094cce    0x8dc4b ./FATFS/Target/user_diskio.o
 .debug_str     0x00094cce    0x8dbca ./Middlewares/Third_Party/FatFs/src/diskio.o
 .debug_str     0x00094cce    0x8ee3f ./Middlewares/Third_Party/FatFs/src/ff.o
 .debug_str     0x00094cce    0x8dc1b ./Middlewares/Third_Party/FatFs/src/ff_gen_drv.o

.comment        0x00000000       0x43
 .comment       0x00000000       0x43 ./Core/Src/main.o
                                 0x44 (size before relaxing)
 .comment       0x00000043       0x44 ./Core/Src/stm32g0xx_hal_msp.o
 .comment       0x00000043       0x44 ./Core/Src/stm32g0xx_it.o
 .comment       0x00000043       0x44 ./Core/Src/sysmem.o
 .comment       0x00000043       0x44 ./Core/Src/system_stm32g0xx.o
 .comment       0x00000043       0x44 ./Drivers/STM32G0xx_HAL_Driver/Src/stm32g0xx_hal.o
 .comment       0x00000043       0x44 ./Drivers/STM32G0xx_HAL_Driver/Src/stm32g0xx_hal_cortex.o
 .comment       0x00000043       0x44 ./Drivers/STM32G0xx_HAL_Driver/Src/stm32g0xx_hal_gpio.o
 .comment       0x00000043       0x44 ./Drivers/STM32G0xx_HAL_Driver/Src/stm32g0xx_hal_pwr.o
 .comment       0x00000043       0x44 ./Drivers/STM32G0xx_HAL_Driver/Src/stm32g0xx_hal_pwr_ex.o
 .comment       0x00000043       0x44 ./Drivers/STM32G0xx_HAL_Driver/Src/stm32g0xx_hal_rcc.o
 .comment       0x00000043       0x44 ./Drivers/STM32G0xx_HAL_Driver/Src/stm32g0xx_hal_rcc_ex.o
 .comment       0x00000043       0x44 ./Drivers/STM32G0xx_HAL_Driver/Src/stm32g0xx_hal_rtc.o
 .comment       0x00000043       0x44 ./Drivers/STM32G0xx_HAL_Driver/Src/stm32g0xx_hal_rtc_ex.o
 .comment       0x00000043       0x44 ./Drivers/STM32G0xx_HAL_Driver/Src/stm32g0xx_hal_spi.o
 .comment       0x00000043       0x44 ./Drivers/STM32G0xx_HAL_Driver/Src/stm32g0xx_hal_tim.o
 .comment       0x00000043       0x44 ./Drivers/STM32G0xx_HAL_Driver/Src/stm32g0xx_hal_tim_ex.o
 .comment       0x00000043       0x44 ./Drivers/STM32G0xx_HAL_Driver/Src/stm32g0xx_hal_uart.o
 .comment       0x00000043       0x44 ./FATFS/App/app_fatfs.o
 .comment       0x00000043       0x44 ./FATFS/Target/user_diskio.o
 .comment       0x00000043       0x44 ./Middlewares/Third_Party/FatFs/src/diskio.o
 .comment       0x00000043       0x44 ./Middlewares/Third_Party/FatFs/src/ff.o
 .comment       0x00000043       0x44 ./Middlewares/Third_Party/FatFs/src/ff_gen_drv.o

.debug_frame    0x00000000     0x5134
 .debug_frame   0x00000000      0x26c ./Core/Src/main.o
 .debug_frame   0x0000026c      0x130 ./Core/Src/stm32g0xx_hal_msp.o
 .debug_frame   0x0000039c       0xb8 ./Core/Src/stm32g0xx_it.o
 .debug_frame   0x00000454       0x30 ./Core/Src/sysmem.o
 .debug_frame   0x00000484       0x4c ./Core/Src/system_stm32g0xx.o
 .debug_frame   0x000004d0      0x360 ./Drivers/STM32G0xx_HAL_Driver/Src/stm32g0xx_hal.o
 .debug_frame   0x00000830      0x33c ./Drivers/STM32G0xx_HAL_Driver/Src/stm32g0xx_hal_cortex.o
 .debug_frame   0x00000b6c      0x130 ./Drivers/STM32G0xx_HAL_Driver/Src/stm32g0xx_hal_gpio.o
 .debug_frame   0x00000c9c      0x170 ./Drivers/STM32G0xx_HAL_Driver/Src/stm32g0xx_hal_pwr.o
 .debug_frame   0x00000e0c      0x1f4 ./Drivers/STM32G0xx_HAL_Driver/Src/stm32g0xx_hal_pwr_ex.o
 .debug_frame   0x00001000      0x214 ./Drivers/STM32G0xx_HAL_Driver/Src/stm32g0xx_hal_rcc.o
 .debug_frame   0x00001214       0xb4 ./Drivers/STM32G0xx_HAL_Driver/Src/stm32g0xx_hal_rcc_ex.o
 .debug_frame   0x000012c8      0x360 ./Drivers/STM32G0xx_HAL_Driver/Src/stm32g0xx_hal_rtc.o
 .debug_frame   0x00001628      0x578 ./Drivers/STM32G0xx_HAL_Driver/Src/stm32g0xx_hal_rtc_ex.o
 .debug_frame   0x00001ba0      0x710 ./Drivers/STM32G0xx_HAL_Driver/Src/stm32g0xx_hal_spi.o
 .debug_frame   0x000022b0      0xf40 ./Drivers/STM32G0xx_HAL_Driver/Src/stm32g0xx_hal_tim.o
 .debug_frame   0x000031f0      0x620 ./Drivers/STM32G0xx_HAL_Driver/Src/stm32g0xx_hal_tim_ex.o
 .debug_frame   0x00003810      0x8d4 ./Drivers/STM32G0xx_HAL_Driver/Src/stm32g0xx_hal_uart.o
 .debug_frame   0x000040e4       0x68 ./FATFS/App/app_fatfs.o
 .debug_frame   0x0000414c       0xb0 ./FATFS/Target/user_diskio.o
 .debug_frame   0x000041fc       0xdc ./Middlewares/Third_Party/FatFs/src/diskio.o
 .debug_frame   0x000042d8      0x84c ./Middlewares/Third_Party/FatFs/src/ff.o
 .debug_frame   0x00004b24       0xac ./Middlewares/Third_Party/FatFs/src/ff_gen_drv.o
 .debug_frame   0x00004bd0      0x138 C:/Programy/STM32CubeIDE_1.16.1/STM32CubeIDE/plugins/com.st.stm32cube.ide.mcu.externaltools.gnu-tools-for-stm32.13.3.rel1.win32_1.0.0.202411081344/tools/bin/../lib/gcc/arm-none-eabi/13.3.1/../../../../arm-none-eabi/lib/thumb/v6-m/nofp\libc_nano.a(libc_a-findfp.o)
 .debug_frame   0x00004d08       0x50 C:/Programy/STM32CubeIDE_1.16.1/STM32CubeIDE/plugins/com.st.stm32cube.ide.mcu.externaltools.gnu-tools-for-stm32.13.3.rel1.win32_1.0.0.202411081344/tools/bin/../lib/gcc/arm-none-eabi/13.3.1/../../../../arm-none-eabi/lib/thumb/v6-m/nofp\libc_nano.a(libc_a-sprintf.o)
 .debug_frame   0x00004d58       0x20 C:/Programy/STM32CubeIDE_1.16.1/STM32CubeIDE/plugins/com.st.stm32cube.ide.mcu.externaltools.gnu-tools-for-stm32.13.3.rel1.win32_1.0.0.202411081344/tools/bin/../lib/gcc/arm-none-eabi/13.3.1/../../../../arm-none-eabi/lib/thumb/v6-m/nofp\libc_nano.a(libc_a-memset.o)
 .debug_frame   0x00004d78       0x2c C:/Programy/STM32CubeIDE_1.16.1/STM32CubeIDE/plugins/com.st.stm32cube.ide.mcu.externaltools.gnu-tools-for-stm32.13.3.rel1.win32_1.0.0.202411081344/tools/bin/../lib/gcc/arm-none-eabi/13.3.1/../../../../arm-none-eabi/lib/thumb/v6-m/nofp\libc_nano.a(libc_a-reent.o)
 .debug_frame   0x00004da4       0x20 C:/Programy/STM32CubeIDE_1.16.1/STM32CubeIDE/plugins/com.st.stm32cube.ide.mcu.externaltools.gnu-tools-for-stm32.13.3.rel1.win32_1.0.0.202411081344/tools/bin/../lib/gcc/arm-none-eabi/13.3.1/../../../../arm-none-eabi/lib/thumb/v6-m/nofp\libc_nano.a(libc_a-errno.o)
 .debug_frame   0x00004dc4       0x2c C:/Programy/STM32CubeIDE_1.16.1/STM32CubeIDE/plugins/com.st.stm32cube.ide.mcu.externaltools.gnu-tools-for-stm32.13.3.rel1.win32_1.0.0.202411081344/tools/bin/../lib/gcc/arm-none-eabi/13.3.1/../../../../arm-none-eabi/lib/thumb/v6-m/nofp\libc_nano.a(libc_a-init.o)
 .debug_frame   0x00004df0       0xb0 C:/Programy/STM32CubeIDE_1.16.1/STM32CubeIDE/plugins/com.st.stm32cube.ide.mcu.externaltools.gnu-tools-for-stm32.13.3.rel1.win32_1.0.0.202411081344/tools/bin/../lib/gcc/arm-none-eabi/13.3.1/../../../../arm-none-eabi/lib/thumb/v6-m/nofp\libc_nano.a(libc_a-lock.o)
 .debug_frame   0x00004ea0       0x2c C:/Programy/STM32CubeIDE_1.16.1/STM32CubeIDE/plugins/com.st.stm32cube.ide.mcu.externaltools.gnu-tools-for-stm32.13.3.rel1.win32_1.0.0.202411081344/tools/bin/../lib/gcc/arm-none-eabi/13.3.1/../../../../arm-none-eabi/lib/thumb/v6-m/nofp\libc_nano.a(libc_a-freer.o)
 .debug_frame   0x00004ecc       0x50 C:/Programy/STM32CubeIDE_1.16.1/STM32CubeIDE/plugins/com.st.stm32cube.ide.mcu.externaltools.gnu-tools-for-stm32.13.3.rel1.win32_1.0.0.202411081344/tools/bin/../lib/gcc/arm-none-eabi/13.3.1/../../../../arm-none-eabi/lib/thumb/v6-m/nofp\libc_nano.a(libc_a-mallocr.o)
 .debug_frame   0x00004f1c       0x40 C:/Programy/STM32CubeIDE_1.16.1/STM32CubeIDE/plugins/com.st.stm32cube.ide.mcu.externaltools.gnu-tools-for-stm32.13.3.rel1.win32_1.0.0.202411081344/tools/bin/../lib/gcc/arm-none-eabi/13.3.1/../../../../arm-none-eabi/lib/thumb/v6-m/nofp\libc_nano.a(libc_a-mlock.o)
 .debug_frame   0x00004f5c       0x74 C:/Programy/STM32CubeIDE_1.16.1/STM32CubeIDE/plugins/com.st.stm32cube.ide.mcu.externaltools.gnu-tools-for-stm32.13.3.rel1.win32_1.0.0.202411081344/tools/bin/../lib/gcc/arm-none-eabi/13.3.1/../../../../arm-none-eabi/lib/thumb/v6-m/nofp\libc_nano.a(libc_a-nano-svfprintf.o)
 .debug_frame   0x00004fd0       0x54 C:/Programy/STM32CubeIDE_1.16.1/STM32CubeIDE/plugins/com.st.stm32cube.ide.mcu.externaltools.gnu-tools-for-stm32.13.3.rel1.win32_1.0.0.202411081344/tools/bin/../lib/gcc/arm-none-eabi/13.3.1/../../../../arm-none-eabi/lib/thumb/v6-m/nofp\libc_nano.a(libc_a-nano-vfprintf_i.o)
 .debug_frame   0x00005024       0x28 C:/Programy/STM32CubeIDE_1.16.1/STM32CubeIDE/plugins/com.st.stm32cube.ide.mcu.externaltools.gnu-tools-for-stm32.13.3.rel1.win32_1.0.0.202411081344/tools/bin/../lib/gcc/arm-none-eabi/13.3.1/../../../../arm-none-eabi/lib/thumb/v6-m/nofp\libc_nano.a(libc_a-memmove.o)
 .debug_frame   0x0000504c       0x2c C:/Programy/STM32CubeIDE_1.16.1/STM32CubeIDE/plugins/com.st.stm32cube.ide.mcu.externaltools.gnu-tools-for-stm32.13.3.rel1.win32_1.0.0.202411081344/tools/bin/../lib/gcc/arm-none-eabi/13.3.1/../../../../arm-none-eabi/lib/thumb/v6-m/nofp\libc_nano.a(libc_a-sbrkr.o)
 .debug_frame   0x00005078       0x20 C:/Programy/STM32CubeIDE_1.16.1/STM32CubeIDE/plugins/com.st.stm32cube.ide.mcu.externaltools.gnu-tools-for-stm32.13.3.rel1.win32_1.0.0.202411081344/tools/bin/../lib/gcc/arm-none-eabi/13.3.1/../../../../arm-none-eabi/lib/thumb/v6-m/nofp\libc_nano.a(libc_a-memchr-stub.o)
 .debug_frame   0x00005098       0x28 C:/Programy/STM32CubeIDE_1.16.1/STM32CubeIDE/plugins/com.st.stm32cube.ide.mcu.externaltools.gnu-tools-for-stm32.13.3.rel1.win32_1.0.0.202411081344/tools/bin/../lib/gcc/arm-none-eabi/13.3.1/../../../../arm-none-eabi/lib/thumb/v6-m/nofp\libc_nano.a(libc_a-memcpy-stub.o)
 .debug_frame   0x000050c0       0x34 C:/Programy/STM32CubeIDE_1.16.1/STM32CubeIDE/plugins/com.st.stm32cube.ide.mcu.externaltools.gnu-tools-for-stm32.13.3.rel1.win32_1.0.0.202411081344/tools/bin/../lib/gcc/arm-none-eabi/13.3.1/../../../../arm-none-eabi/lib/thumb/v6-m/nofp\libc_nano.a(libc_a-reallocr.o)
 .debug_frame   0x000050f4       0x20 C:/Programy/STM32CubeIDE_1.16.1/STM32CubeIDE/plugins/com.st.stm32cube.ide.mcu.externaltools.gnu-tools-for-stm32.13.3.rel1.win32_1.0.0.202411081344/tools/bin/../lib/gcc/arm-none-eabi/13.3.1/../../../../arm-none-eabi/lib/thumb/v6-m/nofp\libc_nano.a(libc_a-msizer.o)
 .debug_frame   0x00005114       0x20 C:/Programy/STM32CubeIDE_1.16.1/STM32CubeIDE/plugins/com.st.stm32cube.ide.mcu.externaltools.gnu-tools-for-stm32.13.3.rel1.win32_1.0.0.202411081344/tools/bin/../lib/gcc/arm-none-eabi/13.3.1/thumb/v6-m/nofp\libgcc.a(_udivsi3.o)

.debug_line_str
                0x00000000       0x72
 .debug_line_str
                0x00000000       0x72 ./Core/Startup/startup_stm32g030f6px.o