../Core/Src/main.c:96:5:main	1
../Core/Src/main.c:202:6:SystemClock_Config	3
../Core/Src/main.c:243:13:MX_TIM2_Init	4
../Core/Src/main.c:291:13:MX_USART1_UART_Init	5
../Core/Src/main.c:339:13:MX_GPIO_Init	1
../Core/Src/main.c:411:6:HAL_TIM_IC_CaptureCallback	3
../Core/Src/main.c:431:6:startDistanceMeasurement	1
../Core/Src/main.c:437:6:calculateDistance	2
../Core/Src/main.c:448:6:controlSMotor	12
../Core/Src/main.c:516:6:calibrateDistance	2
../Core/Src/main.c:548:6:lookForTarget	12
../Core/Src/main.c:705:6:Error_Handler	1
