../Core/Src/main.c:107:13:UART_Print	16	static
../Core/Src/main.c:112:5:main	24	static
../Core/Src/main.c:229:13:SD_Card_Test	8544	static
../Core/Src/main.c:346:6:SystemClock_Config	88	static
../Core/Src/main.c:387:13:MX_SPI1_Init	8	static
../Core/Src/main.c:427:13:MX_TIM2_Init	40	static
../Core/Src/main.c:475:13:MX_USART1_UART_Init	8	static
../Core/Src/main.c:523:13:MX_GPIO_Init	48	static
../Core/Src/main.c:595:6:HAL_TIM_IC_CaptureCallback	16	static
../Core/Src/main.c:615:6:startDistanceMeasurement	8	static
../Core/Src/main.c:621:6:calculateDistance	72	static
../Core/Src/main.c:632:6:controlSMotor	24	static
../Core/Src/main.c:700:6:calibrateDistance	80	static
../Core/Src/main.c:732:6:lookForTarget	96	static
../Core/Src/main.c:889:6:Error_Handler	4	static,ignoring_inline_asm
