../Core/Src/main.c:127:13:UART_Print	16	static
../Core/Src/main.c:138:5:main	104	static
../Core/Src/main.c:293:6:SystemClock_Config	88	static
../Core/Src/main.c:335:13:MX_RTC_Init	8	static
../Core/Src/main.c:372:13:MX_SPI1_Init	8	static
../Core/Src/main.c:412:13:MX_TIM3_Init	40	static
../Core/Src/main.c:460:13:MX_USART2_UART_Init	8	static
../Core/Src/main.c:496:13:MX_GPIO_Init	48	static
../Core/Src/main.c:545:6:HAL_TIM_IC_CaptureCallback	16	static
../Core/Src/main.c:565:6:startDistanceMeasurement	8	static
../Core/Src/main.c:571:6:calculateDistance	72	static
../Core/Src/main.c:582:6:controlSMotor	24	static
../Core/Src/main.c:650:6:calibrateDistance	80	static
../Core/Src/main.c:682:6:lookForTarget	128	static
../Core/Src/main.c:921:6:Error_Handler	8	static,ignoring_inline_asm
