../Core/Src/main.c:127:13:UART_Print	1
../Core/Src/main.c:138:5:main	5
../Core/Src/main.c:293:6:SystemClock_Config	3
../Core/Src/main.c:335:13:MX_RTC_Init	2
../Core/Src/main.c:372:13:MX_SPI1_Init	2
../Core/Src/main.c:412:13:MX_TIM3_Init	4
../Core/Src/main.c:460:13:MX_USART2_UART_Init	2
../Core/Src/main.c:496:13:MX_GPIO_Init	1
../Core/Src/main.c:545:6:HAL_TIM_IC_CaptureCallback	3
../Core/Src/main.c:565:6:startDistanceMeasurement	1
../Core/Src/main.c:571:6:calculateDistance	2
../Core/Src/main.c:582:6:controlSMotor	18
../Core/Src/main.c:650:6:calibrateDistance	2
../Core/Src/main.c:682:6:lookForTarget	18
../Core/Src/main.c:921:6:Error_Handler	1
