../MIDWARE/FATFS_SD/FATFS_SD.c:48:13:SPI_TxBuffer	16	static
../MIDWARE/FATFS_SD/FATFS_SD.c:41:13:SPI_TxByte	16	static
../MIDWARE/FATFS_SD/FATFS_SD.c:29:13:SELECT	8	static
../MIDWARE/FATFS_SD/FATFS_SD.c:35:13:DESELECT	8	static
../MIDWARE/FATFS_SD/FATFS_SD.c:55:16:SPI_RxByte	24	static
../MIDWARE/FATFS_SD/FATFS_SD.c:86:13:SD_PowerOn	16	static
../MIDWARE/FATFS_SD/FATFS_SD.c:73:16:SD_ReadyWait	8	static
../MIDWARE/FATFS_SD/FATFS_SD.c:152:13:SD_TxDataBlock	16	static
../MIDWARE/FATFS_SD/FATFS_SD.c:186:13:SD_SendCmd	16	static
../MIDWARE/FATFS_SD/FATFS_SD.c:129:13:SD_RxDataBlock	16	static
../MIDWARE/FATFS_SD/FATFS_SD.c:217:9:SD_disk_initialize	32	static
../MIDWARE/FATFS_SD/FATFS_SD.c:328:9:SD_disk_status	0	static
../MIDWARE/FATFS_SD/FATFS_SD.c:335:9:SD_disk_read	16	static
../MIDWARE/FATFS_SD/FATFS_SD.c:377:9:SD_disk_write	24	static
../MIDWARE/FATFS_SD/FATFS_SD.c:432:9:SD_disk_ioctl	32	static
